Archive member included to satisfy reference by file (symbol)

C:/PROGRA~2/ARMGNU~1/13C7F1~1.2RE/bin/../lib/gcc/arm-none-eabi/13.2.1/thumb/v6-m/nofp\libgcc.a(_udivsi3.o)
                              CMakeFiles/iButton-FW1.elf.dir/Core/Src/system_stm32l0xx.c.obj (__aeabi_uidiv)
C:/PROGRA~2/ARMGNU~1/13C7F1~1.2RE/bin/../lib/gcc/arm-none-eabi/13.2.1/thumb/v6-m/nofp\libgcc.a(_dvmd_tls.o)
                              C:/PROGRA~2/ARMGNU~1/13C7F1~1.2RE/bin/../lib/gcc/arm-none-eabi/13.2.1/thumb/v6-m/nofp\libgcc.a(_udivsi3.o) (__aeabi_idiv0)
C:/PROGRA~2/ARMGNU~1/13C7F1~1.2RE/bin/../lib/gcc/arm-none-eabi/13.2.1/thumb/v6-m/nofp\libgcc.a(_aeabi_uldivmod.o)
                              CMakeFiles/iButton-FW1.elf.dir/Drivers/STM32L0xx_HAL_Driver/Src/stm32l0xx_hal_rcc.c.obj (__aeabi_uldivmod)
C:/PROGRA~2/ARMGNU~1/13C7F1~1.2RE/bin/../lib/gcc/arm-none-eabi/13.2.1/thumb/v6-m/nofp\libgcc.a(_muldi3.o)
                              CMakeFiles/iButton-FW1.elf.dir/Drivers/STM32L0xx_HAL_Driver/Src/stm32l0xx_hal_rcc.c.obj (__aeabi_lmul)
C:/PROGRA~2/ARMGNU~1/13C7F1~1.2RE/bin/../lib/gcc/arm-none-eabi/13.2.1/thumb/v6-m/nofp\libgcc.a(_udivmoddi4.o)
                              C:/PROGRA~2/ARMGNU~1/13C7F1~1.2RE/bin/../lib/gcc/arm-none-eabi/13.2.1/thumb/v6-m/nofp\libgcc.a(_aeabi_uldivmod.o) (__udivmoddi4)
C:/PROGRA~2/ARMGNU~1/13C7F1~1.2RE/bin/../lib/gcc/arm-none-eabi/13.2.1/thumb/v6-m/nofp\libgcc.a(_clzdi2.o)
                              C:/PROGRA~2/ARMGNU~1/13C7F1~1.2RE/bin/../lib/gcc/arm-none-eabi/13.2.1/thumb/v6-m/nofp\libgcc.a(_udivmoddi4.o) (__clzdi2)
C:/PROGRA~2/ARMGNU~1/13C7F1~1.2RE/bin/../lib/gcc/arm-none-eabi/13.2.1/thumb/v6-m/nofp\libgcc.a(_clzsi2.o)
                              C:/PROGRA~2/ARMGNU~1/13C7F1~1.2RE/bin/../lib/gcc/arm-none-eabi/13.2.1/thumb/v6-m/nofp\libgcc.a(_clzdi2.o) (__clzsi2)
C:/PROGRA~2/ARMGNU~1/13C7F1~1.2RE/bin/../lib/gcc/arm-none-eabi/13.2.1/thumb/v6-m/nofp\libg.a(libc_a-exit.o)
                              C:/PROGRA~2/ARMGNU~1/13C7F1~1.2RE/bin/../lib/gcc/arm-none-eabi/13.2.1/thumb/v6-m/nofp/crt0.o (exit)
C:/PROGRA~2/ARMGNU~1/13C7F1~1.2RE/bin/../lib/gcc/arm-none-eabi/13.2.1/thumb/v6-m/nofp\libg.a(libc_a-findfp.o)
                              C:/PROGRA~2/ARMGNU~1/13C7F1~1.2RE/bin/../lib/gcc/arm-none-eabi/13.2.1/thumb/v6-m/nofp\libg.a(libc_a-exit.o) (__stdio_exit_handler)
C:/PROGRA~2/ARMGNU~1/13C7F1~1.2RE/bin/../lib/gcc/arm-none-eabi/13.2.1/thumb/v6-m/nofp\libg.a(libc_a-fwalk.o)
                              C:/PROGRA~2/ARMGNU~1/13C7F1~1.2RE/bin/../lib/gcc/arm-none-eabi/13.2.1/thumb/v6-m/nofp\libg.a(libc_a-findfp.o) (_fwalk_sglue)
C:/PROGRA~2/ARMGNU~1/13C7F1~1.2RE/bin/../lib/gcc/arm-none-eabi/13.2.1/thumb/v6-m/nofp\libg.a(libc_a-stdio.o)
                              C:/PROGRA~2/ARMGNU~1/13C7F1~1.2RE/bin/../lib/gcc/arm-none-eabi/13.2.1/thumb/v6-m/nofp\libg.a(libc_a-findfp.o) (__sread)
C:/PROGRA~2/ARMGNU~1/13C7F1~1.2RE/bin/../lib/gcc/arm-none-eabi/13.2.1/thumb/v6-m/nofp\libg.a(libc_a-memset.o)
                              C:/PROGRA~2/ARMGNU~1/13C7F1~1.2RE/bin/../lib/gcc/arm-none-eabi/13.2.1/thumb/v6-m/nofp/crt0.o (memset)
C:/PROGRA~2/ARMGNU~1/13C7F1~1.2RE/bin/../lib/gcc/arm-none-eabi/13.2.1/thumb/v6-m/nofp\libg.a(libc_a-closer.o)
                              C:/PROGRA~2/ARMGNU~1/13C7F1~1.2RE/bin/../lib/gcc/arm-none-eabi/13.2.1/thumb/v6-m/nofp\libg.a(libc_a-stdio.o) (_close_r)
C:/PROGRA~2/ARMGNU~1/13C7F1~1.2RE/bin/../lib/gcc/arm-none-eabi/13.2.1/thumb/v6-m/nofp\libg.a(libc_a-reent.o)
                              C:/PROGRA~2/ARMGNU~1/13C7F1~1.2RE/bin/../lib/gcc/arm-none-eabi/13.2.1/thumb/v6-m/nofp\libg.a(libc_a-closer.o) (errno)
C:/PROGRA~2/ARMGNU~1/13C7F1~1.2RE/bin/../lib/gcc/arm-none-eabi/13.2.1/thumb/v6-m/nofp\libg.a(libc_a-impure.o)
                              C:/PROGRA~2/ARMGNU~1/13C7F1~1.2RE/bin/../lib/gcc/arm-none-eabi/13.2.1/thumb/v6-m/nofp\libg.a(libc_a-reent.o) (_impure_ptr)
C:/PROGRA~2/ARMGNU~1/13C7F1~1.2RE/bin/../lib/gcc/arm-none-eabi/13.2.1/thumb/v6-m/nofp\libg.a(libc_a-lseekr.o)
                              C:/PROGRA~2/ARMGNU~1/13C7F1~1.2RE/bin/../lib/gcc/arm-none-eabi/13.2.1/thumb/v6-m/nofp\libg.a(libc_a-stdio.o) (_lseek_r)
C:/PROGRA~2/ARMGNU~1/13C7F1~1.2RE/bin/../lib/gcc/arm-none-eabi/13.2.1/thumb/v6-m/nofp\libg.a(libc_a-readr.o)
                              C:/PROGRA~2/ARMGNU~1/13C7F1~1.2RE/bin/../lib/gcc/arm-none-eabi/13.2.1/thumb/v6-m/nofp\libg.a(libc_a-stdio.o) (_read_r)
C:/PROGRA~2/ARMGNU~1/13C7F1~1.2RE/bin/../lib/gcc/arm-none-eabi/13.2.1/thumb/v6-m/nofp\libg.a(libc_a-writer.o)
                              C:/PROGRA~2/ARMGNU~1/13C7F1~1.2RE/bin/../lib/gcc/arm-none-eabi/13.2.1/thumb/v6-m/nofp\libg.a(libc_a-stdio.o) (_write_r)
C:/PROGRA~2/ARMGNU~1/13C7F1~1.2RE/bin/../lib/gcc/arm-none-eabi/13.2.1/thumb/v6-m/nofp\libg.a(libc_a-errno.o)
                              CMakeFiles/iButton-FW1.elf.dir/Core/Src/syscalls.c.obj (__errno)
C:/PROGRA~2/ARMGNU~1/13C7F1~1.2RE/bin/../lib/gcc/arm-none-eabi/13.2.1/thumb/v6-m/nofp\libg.a(libc_a-init.o)
[...]
Memory Configuration

Name             Origin             Length             Attributes
RAM              0x20000000         0x00002000         xrw
FLASH            0x08000000         0x00010000         xr
*default*        0x00000000         0xffffffff

Linker script and memory map

LOAD C:/PROGRA~2/ARMGNU~1/13C7F1~1.2RE/bin/../lib/gcc/arm-none-eabi/13.2.1/thumb/v6-m/nofp/crti.o
LOAD C:/PROGRA~2/ARMGNU~1/13C7F1~1.2RE/bin/../lib/gcc/arm-none-eabi/13.2.1/thumb/v6-m/nofp/crtbegin.o
LOAD C:/PROGRA~2/ARMGNU~1/13C7F1~1.2RE/bin/../lib/gcc/arm-none-eabi/13.2.1/thumb/v6-m/nofp/crt0.o
LOAD CMakeFiles/iButton-FW1.elf.dir/Core/Src/main.c.obj
LOAD CMakeFiles/iButton-FW1.elf.dir/Core/Src/stm32l0xx_hal_msp.c.obj
LOAD CMakeFiles/iButton-FW1.elf.dir/Core/Src/stm32l0xx_it.c.obj
LOAD CMakeFiles/iButton-FW1.elf.dir/Core/Src/syscalls.c.obj
LOAD CMakeFiles/iButton-FW1.elf.dir/Core/Src/sysmem.c.obj
LOAD CMakeFiles/iButton-FW1.elf.dir/Core/Src/system_stm32l0xx.c.obj
LOAD CMakeFiles/iButton-FW1.elf.dir/Core/Startup/startup_stm32l052c8tx.s.obj
LOAD CMakeFiles/iButton-FW1.elf.dir/Drivers/STM32L0xx_HAL_Driver/Src/stm32l0xx_hal.c.obj
LOAD CMakeFiles/iButton-FW1.elf.dir/Drivers/STM32L0xx_HAL_Driver/Src/stm32l0xx_hal_cortex.c.obj
LOAD CMakeFiles/iButton-FW1.elf.dir/Drivers/STM32L0xx_HAL_Driver/Src/stm32l0xx_hal_dma.c.obj
LOAD CMakeFiles/iButton-FW1.elf.dir/Drivers/STM32L0xx_HAL_Driver/Src/stm32l0xx_hal_exti.c.obj
LOAD CMakeFiles/iButton-FW1.elf.dir/Drivers/STM32L0xx_HAL_Driver/Src/stm32l0xx_hal_flash.c.obj
LOAD CMakeFiles/iButton-FW1.elf.dir/Drivers/STM32L0xx_HAL_Driver/Src/stm32l0xx_hal_flash_ex.c.obj
LOAD CMakeFiles/iButton-FW1.elf.dir/Drivers/STM32L0xx_HAL_Driver/Src/stm32l0xx_hal_flash_ramfunc.c.obj
LOAD CMakeFiles/iButton-FW1.elf.dir/Drivers/STM32L0xx_HAL_Driver/Src/stm32l0xx_hal_gpio.c.obj
LOAD CMakeFiles/iButton-FW1.elf.dir/Drivers/STM32L0xx_HAL_Driver/Src/stm32l0xx_hal_i2c.c.obj
LOAD CMakeFiles/iButton-FW1.elf.dir/Drivers/STM32L0xx_HAL_Driver/Src/stm32l0xx_hal_i2c_ex.c.obj
LOAD CMakeFiles/iButton-FW1.elf.dir/Drivers/STM32L0xx_HAL_Driver/Src/stm32l0xx_hal_pcd.c.obj
LOAD CMakeFiles/iButton-FW1.elf.dir/Drivers/STM32L0xx_HAL_Driver/Src/stm32l0xx_hal_pcd_ex.c.obj
LOAD CMakeFiles/iButton-FW1.elf.dir/Drivers/STM32L0xx_HAL_Driver/Src/stm32l0xx_hal_pwr.c.obj
LOAD CMakeFiles/iButton-FW1.elf.dir/Drivers/STM32L0xx_HAL_Driver/Src/stm32l0xx_hal_pwr_ex.c.obj
LOAD CMakeFiles/iButton-FW1.elf.dir/Drivers/STM32L0xx_HAL_Driver/Src/stm32l0xx_hal_rcc.c.obj
LOAD CMakeFiles/iButton-FW1.elf.dir/Drivers/STM32L0xx_HAL_Driver/Src/stm32l0xx_hal_rcc_ex.c.obj
LOAD CMakeFiles/iButton-FW1.elf.dir/Drivers/STM32L0xx_HAL_Driver/Src/stm32l0xx_hal_tim.c.obj
LOAD CMakeFiles/iButton-FW1.elf.dir/Drivers/STM32L0xx_HAL_Driver/Src/stm32l0xx_hal_tim_ex.c.obj
LOAD CMakeFiles/iButton-FW1.elf.dir/Drivers/STM32L0xx_HAL_Driver/Src/stm32l0xx_ll_usb.c.obj
LOAD CMakeFiles/iButton-FW1.elf.dir/Middlewares/ST/STM32_USB_Device_Library/Class/HID/Src/usbd_hid.c.obj
LOAD CMakeFiles/iButton-FW1.elf.dir/Middlewares/ST/STM32_USB_Device_Library/Core/Src/usbd_core.c.obj
LOAD CMakeFiles/iButton-FW1.elf.dir/Middlewares/ST/STM32_USB_Device_Library/Core/Src/usbd_ctlreq.c.obj
LOAD CMakeFiles/iButton-FW1.elf.dir/Middlewares/ST/STM32_USB_Device_Library/Core/Src/usbd_ioreq.c.obj
LOAD CMakeFiles/iButton-FW1.elf.dir/USB_DEVICE/App/usb_device.c.obj
LOAD CMakeFiles/iButton-FW1.elf.dir/USB_DEVICE/App/usbd_desc.c.obj
LOAD CMakeFiles/iButton-FW1.elf.dir/USB_DEVICE/Target/usbd_conf.c.obj
START GROUP
LOAD C:/PROGRA~2/ARMGNU~1/13C7F1~1.2RE/bin/../lib/gcc/arm-none-eabi/13.2.1/thumb/v6-m/nofp\libgcc.a
LOAD C:/PROGRA~2/ARMGNU~1/13C7F1~1.2RE/bin/../lib/gcc/arm-none-eabi/13.2.1/thumb/v6-m/nofp\libg.a
LOAD C:/PROGRA~2/ARMGNU~1/13C7F1~1.2RE/bin/../lib/gcc/arm-none-eabi/13.2.1/thumb/v6-m/nofp\libc.a
END GROUP
LOAD C:/PROGRA~2/ARMGNU~1/13C7F1~1.2RE/bin/../lib/gcc/arm-none-eabi/13.2.1/thumb/v6-m/nofp/crtend.o
LOAD C:/PROGRA~2/ARMGNU~1/13C7F1~1.2RE/bin/../lib/gcc/arm-none-eabi/13.2.1/thumb/v6-m/nofp/crtn.o
                0x20002000                        _estack = (ORIGIN (RAM) + LENGTH (RAM))
                0x00000200                        _Min_Heap_Size = 0x200
                0x00000400                        _Min_Stack_Size = 0x400

.isr_vector     0x08000000       0xc0
                0x08000000                        . = ALIGN (0x4)
 *(.isr_vector)
 .isr_vector    0x08000000       0xc0 CMakeFiles/iButton-FW1.elf.dir/Core/Startup/startup_stm32l052c8tx.s.obj
                0x08000000                g_pfnVectors
                0x080000c0                        . = ALIGN (0x4)

.text           0x080000c0     0x42ec
                0x080000c0                        . = ALIGN (0x4)
 *(.text)
 .text          0x080000c0      0x114 C:/PROGRA~2/ARMGNU~1/13C7F1~1.2RE/bin/../lib/gcc/arm-none-eabi/13.2.1/thumb/v6-m/nofp\libgcc.a(_udivsi3.o)
                0x080000c0                __aeabi_uidiv
                0x080000c0                __udivsi3
                0x080001cc                __aeabi_uidivmod
 .text          0x080001d4        0x4 C:/PROGRA~2/ARMGNU~1/13C7F1~1.2RE/bin/../lib/gcc/arm-none-eabi/13.2.1/thumb/v6-m/nofp\libgcc.a(_dvmd_tls.o)
                0x080001d4                __aeabi_idiv0
                0x080001d4                __aeabi_ldiv0
 .text          0x080001d8       0x40 C:/PROGRA~2/ARMGNU~1/13C7F1~1.2RE/bin/../lib/gcc/arm-none-eabi/13.2.1/thumb/v6-m/nofp\libgcc.a(_aeabi_uldivmod.o)
                0x080001d8                __aeabi_uldivmod
 .text          0x08000218       0x18 C:/PROGRA~2/ARMGNU~1/13C7F1~1.2RE/bin/../lib/gcc/arm-none-eabi/13.2.1/thumb/v6-m/nofp\libgcc.a(_clzdi2.o)
                0x08000218                __clzdi2
 .text          0x08000230       0x3c C:/PROGRA~2/ARMGNU~1/13C7F1~1.2RE/bin/../lib/gcc/arm-none-eabi/13.2.1/thumb/v6-m/nofp\libgcc.a(_clzsi2.o)
                0x08000230                __clzsi2
 *(.text*)
 .text.deregister_tm_clones
                0x0800026c       0x20 C:/PROGRA~2/ARMGNU~1/13C7F1~1.2RE/bin/../lib/gcc/arm-none-eabi/13.2.1/thumb/v6-m/nofp/crtbegin.o
 .text.register_tm_clones
                0x0800028c       0x28 C:/PROGRA~2/ARMGNU~1/13C7F1~1.2RE/bin/../lib/gcc/arm-none-eabi/13.2.1/thumb/v6-m/nofp/crtbegin.o
 .text.__do_global_dtors_aux
                0x080002b4       0x2c C:/PROGRA~2/ARMGNU~1/13C7F1~1.2RE/bin/../lib/gcc/arm-none-eabi/13.2.1/thumb/v6-m/nofp/crtbegin.o
 .text.frame_dummy
                0x080002e0       0x24 C:/PROGRA~2/ARMGNU~1/13C7F1~1.2RE/bin/../lib/gcc/arm-none-eabi/13.2.1/thumb/v6-m/nofp/crtbegin.o
 .text.MX_GPIO_Init
                0x08000304       0x4c CMakeFiles/iButton-FW1.elf.dir/Core/Src/main.c.obj
 .text.Error_Handler
                0x08000350        0x4 CMakeFiles/iButton-FW1.elf.dir/Core/Src/main.c.obj
                0x08000350                Error_Handler
 .text.SystemClock_Config
                0x08000354       0x98 CMakeFiles/iButton-FW1.elf.dir/Core/Src/main.c.obj
                0x08000354                SystemClock_Config
 .text.main     0x080003ec       0xc8 CMakeFiles/iButton-FW1.elf.dir/Core/Src/main.c.obj
                0x080003ec                main
 .text.HAL_MspInit
                0x080004b4       0x1c CMakeFiles/iButton-FW1.elf.dir/Core/Src/stm32l0xx_hal_msp.c.obj
                0x080004b4                HAL_MspInit
 .text.NMI_Handler
                0x080004d0        0x2 CMakeFiles/iButton-FW1.elf.dir/Core/Src/stm32l0xx_it.c.obj
                0x080004d0                NMI_Handler
 .text.HardFault_Handler
                0x080004d2        0x2 CMakeFiles/iButton-FW1.elf.dir/Core/Src/stm32l0xx_it.c.obj
                0x080004d2                HardFault_Handler
 .text.SVC_Handler
                0x080004d4        0x2 CMakeFiles/iButton-FW1.elf.dir/Core/Src/stm32l0xx_it.c.obj
                0x080004d4                SVC_Handler
 .text.PendSV_Handler
                0x080004d6        0x2 CMakeFiles/iButton-FW1.elf.dir/Core/Src/stm32l0xx_it.c.obj
                0x080004d6                PendSV_Handler
 .text.SysTick_Handler
                0x080004d8        0x8 CMakeFiles/iButton-FW1.elf.dir/Core/Src/stm32l0xx_it.c.obj
                0x080004d8                SysTick_Handler
 .text.USB_IRQHandler
                0x080004e0       0x10 CMakeFiles/iButton-FW1.elf.dir/Core/Src/stm32l0xx_it.c.obj
                0x080004e0                USB_IRQHandler
 .text.SystemInit
                0x080004f0        0x2 CMakeFiles/iButton-FW1.elf.dir/Core/Src/system_stm32l0xx.c.obj
                0x080004f0                SystemInit
 *fill*         0x080004f2        0x2 
 .text.Reset_Handler
                0x080004f4       0x50 CMakeFiles/iButton-FW1.elf.dir/Core/Startup/startup_stm32l052c8tx.s.obj
                0x080004f4                Reset_Handler
 .text.Default_Handler
                0x08000544        0x2 CMakeFiles/iButton-FW1.elf.dir/Core/Startup/startup_stm32l052c8tx.s.obj
                0x08000544                TSC_IRQHandler
                0x08000544                ADC1_COMP_IRQHandler
                0x08000544                PVD_IRQHandler
                0x08000544                I2C1_IRQHandler
                0x08000544                RCC_CRS_IRQHandler
                0x08000544                SPI1_IRQHandler
                0x08000544                TIM6_DAC_IRQHandler
                0x08000544                EXTI2_3_IRQHandler
                0x08000544                I2C2_IRQHandler
                0x08000544                RTC_IRQHandler
                0x08000544                DMA1_Channel4_5_6_7_IRQHandler
                0x08000544                EXTI4_15_IRQHandler
                0x08000544                DMA1_Channel1_IRQHandler
                0x08000544                Default_Handler
                0x08000544                TIM22_IRQHandler
                0x08000544                EXTI0_1_IRQHandler
                0x08000544                SPI2_IRQHandler
                0x08000544                TIM21_IRQHandler
                0x08000544                WWDG_IRQHandler
                0x08000544                TIM2_IRQHandler
                0x08000544                DMA1_Channel2_3_IRQHandler
                0x08000544                USART2_IRQHandler
                0x08000544                FLASH_IRQHandler
                0x08000544                USART1_IRQHandler
                0x08000544                RNG_LPUART1_IRQHandler
                0x08000544                LPTIM1_IRQHandler
 *fill*         0x08000546        0x2 
 .text.HAL_InitTick
                0x08000548       0x50 CMakeFiles/iButton-FW1.elf.dir/Drivers/STM32L0xx_HAL_Driver/Src/stm32l0xx_hal.c.obj
                0x08000548                HAL_InitTick
 .text.HAL_Init
                0x08000598       0x28 CMakeFiles/iButton-FW1.elf.dir/Drivers/STM32L0xx_HAL_Driver/Src/stm32l0xx_hal.c.obj
                0x08000598                HAL_Init
 .text.HAL_IncTick
                0x080005c0       0x18 CMakeFiles/iButton-FW1.elf.dir/Drivers/STM32L0xx_HAL_Driver/Src/stm32l0xx_hal.c.obj
                0x080005c0                HAL_IncTick
 .text.HAL_GetTick
                0x080005d8        0xc CMakeFiles/iButton-FW1.elf.dir/Drivers/STM32L0xx_HAL_Driver/Src/stm32l0xx_hal.c.obj
                0x080005d8                HAL_GetTick
 .text.HAL_Delay
                0x080005e4       0x24 CMakeFiles/iButton-FW1.elf.dir/Drivers/STM32L0xx_HAL_Driver/Src/stm32l0xx_hal.c.obj
                0x080005e4                HAL_Delay
 .text.__NVIC_SetPriority
                0x08000608       0x60 CMakeFiles/iButton-FW1.elf.dir/Drivers/STM32L0xx_HAL_Driver/Src/stm32l0xx_hal_cortex.c.obj
 .text.SysTick_Config
                0x08000668       0x38 CMakeFiles/iButton-FW1.elf.dir/Drivers/STM32L0xx_HAL_Driver/Src/stm32l0xx_hal_cortex.c.obj
 .text.HAL_NVIC_SetPriority
                0x080006a0        0x8 CMakeFiles/iButton-FW1.elf.dir/Drivers/STM32L0xx_HAL_Driver/Src/stm32l0xx_hal_cortex.c.obj
                0x080006a0                HAL_NVIC_SetPriority
 .text.HAL_NVIC_EnableIRQ
                0x080006a8       0x18 CMakeFiles/iButton-FW1.elf.dir/Drivers/STM32L0xx_HAL_Driver/Src/stm32l0xx_hal_cortex.c.obj
                0x080006a8                HAL_NVIC_EnableIRQ
 .text.HAL_SYSTICK_Config
                0x080006c0        0x8 CMakeFiles/iButton-FW1.elf.dir/Drivers/STM32L0xx_HAL_Driver/Src/stm32l0xx_hal_cortex.c.obj
                0x080006c0                HAL_SYSTICK_Config
 .text.HAL_GPIO_Init
                0x080006c8      0x18c CMakeFiles/iButton-FW1.elf.dir/Drivers/STM32L0xx_HAL_Driver/Src/stm32l0xx_hal_gpio.c.obj
                0x080006c8                HAL_GPIO_Init
 .text.HAL_GPIO_ReadPin
                0x08000854        0xe CMakeFiles/iButton-FW1.elf.dir/Drivers/STM32L0xx_HAL_Driver/Src/stm32l0xx_hal_gpio.c.obj
                0x08000854                HAL_GPIO_ReadPin
 *fill*         0x08000862        0x2 
 .text.HAL_PCD_EP_DB_Receive
                0x08000864      0x110 CMakeFiles/iButton-FW1.elf.dir/Drivers/STM32L0xx_HAL_Driver/Src/stm32l0xx_hal_pcd.c.obj
 .text.HAL_PCD_Init
                0x08000974       0xe0 CMakeFiles/iButton-FW1.elf.dir/Drivers/STM32L0xx_HAL_Driver/Src/stm32l0xx_hal_pcd.c.obj
                0x08000974                HAL_PCD_Init
 .text.HAL_PCD_Start
                0x08000a54       0x2e CMakeFiles/iButton-FW1.elf.dir/Drivers/STM32L0xx_HAL_Driver/Src/stm32l0xx_hal_pcd.c.obj
                0x08000a54                HAL_PCD_Start
 *fill*         0x08000a82        0x2 
 .text.HAL_PCD_EP_DB_Transmit
                0x08000a84      0x3d8 CMakeFiles/iButton-FW1.elf.dir/Drivers/STM32L0xx_HAL_Driver/Src/stm32l0xx_hal_pcd.c.obj
 .text.PCD_EP_ISR_Handler
                0x08000e5c      0x54c CMakeFiles/iButton-FW1.elf.dir/Drivers/STM32L0xx_HAL_Driver/Src/stm32l0xx_hal_pcd.c.obj
 .text.HAL_PCD_SetAddress
                0x080013a8       0x2c CMakeFiles/iButton-FW1.elf.dir/Drivers/STM32L0xx_HAL_Driver/Src/stm32l0xx_hal_pcd.c.obj
                0x080013a8                HAL_PCD_SetAddress
 .text.HAL_PCD_IRQHandler
                0x080013d4      0x180 CMakeFiles/iButton-FW1.elf.dir/Drivers/STM32L0xx_HAL_Driver/Src/stm32l0xx_hal_pcd.c.obj
                0x080013d4                HAL_PCD_IRQHandler
 .text.HAL_PCD_EP_Open
                0x08001554       0x76 CMakeFiles/iButton-FW1.elf.dir/Drivers/STM32L0xx_HAL_Driver/Src/stm32l0xx_hal_pcd.c.obj
                0x08001554                HAL_PCD_EP_Open
 .text.HAL_PCD_EP_Close
                0x080015ca       0x68 CMakeFiles/iButton-FW1.elf.dir/Drivers/STM32L0xx_HAL_Driver/Src/stm32l0xx_hal_pcd.c.obj
                0x080015ca                HAL_PCD_EP_Close
 .text.HAL_PCD_EP_Receive
                0x08001632       0x4a CMakeFiles/iButton-FW1.elf.dir/Drivers/STM32L0xx_HAL_Driver/Src/stm32l0xx_hal_pcd.c.obj
                0x08001632                HAL_PCD_EP_Receive
 .text.HAL_PCD_EP_Transmit
                0x0800167c       0x4e CMakeFiles/iButton-FW1.elf.dir/Drivers/STM32L0xx_HAL_Driver/Src/stm32l0xx_hal_pcd.c.obj
                0x0800167c                HAL_PCD_EP_Transmit
 .text.HAL_PCD_EP_SetStall
                0x080016ca       0x6e CMakeFiles/iButton-FW1.elf.dir/Drivers/STM32L0xx_HAL_Driver/Src/stm32l0xx_hal_pcd.c.obj
                0x080016ca                HAL_PCD_EP_SetStall
 .text.HAL_PCD_EP_ClrStall
                0x08001738       0x7a CMakeFiles/iButton-FW1.elf.dir/Drivers/STM32L0xx_HAL_Driver/Src/stm32l0xx_hal_pcd.c.obj
                0x08001738                HAL_PCD_EP_ClrStall
 .text.HAL_PCDEx_PMAConfig
                0x080017b2       0x3a CMakeFiles/iButton-FW1.elf.dir/Drivers/STM32L0xx_HAL_Driver/Src/stm32l0xx_hal_pcd_ex.c.obj
                0x080017b2                HAL_PCDEx_PMAConfig
 .text.HAL_PCDEx_ActivateLPM
                0x080017ec       0x2a CMakeFiles/iButton-FW1.elf.dir/Drivers/STM32L0xx_HAL_Driver/Src/stm32l0xx_hal_pcd_ex.c.obj
                0x080017ec                HAL_PCDEx_ActivateLPM
 .text.HAL_PCDEx_LPM_Callback
                0x08001816        0x2 CMakeFiles/iButton-FW1.elf.dir/Drivers/STM32L0xx_HAL_Driver/Src/stm32l0xx_hal_pcd_ex.c.obj
                0x08001816                HAL_PCDEx_LPM_Callback
 .text.HAL_RCC_GetSysClockFreq
                0x08001818       0xb0 CMakeFiles/iButton-FW1.elf.dir/Drivers/STM32L0xx_HAL_Driver/Src/stm32l0xx_hal_rcc.c.obj
                0x08001818                HAL_RCC_GetSysClockFreq
 .text.HAL_RCC_OscConfig
                0x080018c8      0x588 CMakeFiles/iButton-FW1.elf.dir/Drivers/STM32L0xx_HAL_Driver/Src/stm32l0xx_hal_rcc.c.obj
                0x080018c8                HAL_RCC_OscConfig
 .text.HAL_RCC_ClockConfig
                0x08001e50      0x1d8 CMakeFiles/iButton-FW1.elf.dir/Drivers/STM32L0xx_HAL_Driver/Src/stm32l0xx_hal_rcc.c.obj
                0x08001e50                HAL_RCC_ClockConfig
 .text.HAL_RCCEx_PeriphCLKConfig
                0x08002028      0x1d4 CMakeFiles/iButton-FW1.elf.dir/Drivers/STM32L0xx_HAL_Driver/Src/stm32l0xx_hal_rcc_ex.c.obj
                0x08002028                HAL_RCCEx_PeriphCLKConfig
 .text.USB_EnableGlobalInt
                0x080021fc       0x14 CMakeFiles/iButton-FW1.elf.dir/Drivers/STM32L0xx_HAL_Driver/Src/stm32l0xx_ll_usb.c.obj
                0x080021fc                USB_EnableGlobalInt
 .text.USB_DisableGlobalInt
                0x08002210       0x14 CMakeFiles/iButton-FW1.elf.dir/Drivers/STM32L0xx_HAL_Driver/Src/stm32l0xx_ll_usb.c.obj
                0x08002210                USB_DisableGlobalInt
 .text.USB_DevInit
                0x08002224       0x20 CMakeFiles/iButton-FW1.elf.dir/Drivers/STM32L0xx_HAL_Driver/Src/stm32l0xx_ll_usb.c.obj
                0x08002224                USB_DevInit
 .text.USB_ActivateEndpoint
                0x08002244      0x324 CMakeFiles/iButton-FW1.elf.dir/Drivers/STM32L0xx_HAL_Driver/Src/stm32l0xx_ll_usb.c.obj
                0x08002244                USB_ActivateEndpoint
 .text.USB_DeactivateEndpoint
                0x08002568      0x170 CMakeFiles/iButton-FW1.elf.dir/Drivers/STM32L0xx_HAL_Driver/Src/stm32l0xx_ll_usb.c.obj
                0x08002568                USB_DeactivateEndpoint
 .text.USB_EPSetStall
                0x080026d8       0x4c CMakeFiles/iButton-FW1.elf.dir/Drivers/STM32L0xx_HAL_Driver/Src/stm32l0xx_ll_usb.c.obj
                0x080026d8                USB_EPSetStall
 .text.USB_EPClearStall
                0x08002724       0x9c CMakeFiles/iButton-FW1.elf.dir/Drivers/STM32L0xx_HAL_Driver/Src/stm32l0xx_ll_usb.c.obj
                0x08002724                USB_EPClearStall
 .text.USB_SetDevAddress
                0x080027c0        0xe CMakeFiles/iButton-FW1.elf.dir/Drivers/STM32L0xx_HAL_Driver/Src/stm32l0xx_ll_usb.c.obj
                0x080027c0                USB_SetDevAddress
 *fill*         0x080027ce        0x2 
 .text.USB_DevConnect
                0x080027d0       0x14 CMakeFiles/iButton-FW1.elf.dir/Drivers/STM32L0xx_HAL_Driver/Src/stm32l0xx_ll_usb.c.obj
                0x080027d0                USB_DevConnect
 .text.USB_ReadInterrupts
                0x080027e4        0x8 CMakeFiles/iButton-FW1.elf.dir/Drivers/STM32L0xx_HAL_Driver/Src/stm32l0xx_ll_usb.c.obj
                0x080027e4                USB_ReadInterrupts
 .text.USB_WritePMA
                0x080027ec       0x28 CMakeFiles/iButton-FW1.elf.dir/Drivers/STM32L0xx_HAL_Driver/Src/stm32l0xx_ll_usb.c.obj
                0x080027ec                USB_WritePMA
 .text.USB_EPStartXfer
                0x08002814      0x72c CMakeFiles/iButton-FW1.elf.dir/Drivers/STM32L0xx_HAL_Driver/Src/stm32l0xx_ll_usb.c.obj
                0x08002814                USB_EPStartXfer
 .text.USB_ReadPMA
                0x08002f40       0x2c CMakeFiles/iButton-FW1.elf.dir/Drivers/STM32L0xx_HAL_Driver/Src/stm32l0xx_ll_usb.c.obj
                0x08002f40                USB_ReadPMA
 .text.USBD_HID_GetFSCfgDesc
                0x08002f6c        0xc CMakeFiles/iButton-FW1.elf.dir/Middlewares/ST/STM32_USB_Device_Library/Class/HID/Src/usbd_hid.c.obj
 .text.USBD_HID_GetHSCfgDesc
                0x08002f78        0xc CMakeFiles/iButton-FW1.elf.dir/Middlewares/ST/STM32_USB_Device_Library/Class/HID/Src/usbd_hid.c.obj
 .text.USBD_HID_GetOtherSpeedCfgDesc
                0x08002f84        0xc CMakeFiles/iButton-FW1.elf.dir/Middlewares/ST/STM32_USB_Device_Library/Class/HID/Src/usbd_hid.c.obj
 .text.USBD_HID_DataIn
                0x08002f90        0xe CMakeFiles/iButton-FW1.elf.dir/Middlewares/ST/STM32_USB_Device_Library/Class/HID/Src/usbd_hid.c.obj
 *fill*         0x08002f9e        0x2 
 .text.USBD_HID_GetDeviceQualifierDesc
                0x08002fa0        0xc CMakeFiles/iButton-FW1.elf.dir/Middlewares/ST/STM32_USB_Device_Library/Class/HID/Src/usbd_hid.c.obj
 .text.USBD_HID_Setup
                0x08002fac      0x124 CMakeFiles/iButton-FW1.elf.dir/Middlewares/ST/STM32_USB_Device_Library/Class/HID/Src/usbd_hid.c.obj
 .text.USBD_HID_DeInit
                0x080030d0       0x28 CMakeFiles/iButton-FW1.elf.dir/Middlewares/ST/STM32_USB_Device_Library/Class/HID/Src/usbd_hid.c.obj
 .text.USBD_HID_Init
                0x080030f8       0x2e CMakeFiles/iButton-FW1.elf.dir/Middlewares/ST/STM32_USB_Device_Library/Class/HID/Src/usbd_hid.c.obj
 .text.USBD_HID_SendReport
                0x08003126       0x2a CMakeFiles/iButton-FW1.elf.dir/Middlewares/ST/STM32_USB_Device_Library/Class/HID/Src/usbd_hid.c.obj
                0x08003126                USBD_HID_SendReport
 .text.USBD_Init
                0x08003150       0x38 CMakeFiles/iButton-FW1.elf.dir/Middlewares/ST/STM32_USB_Device_Library/Core/Src/usbd_core.c.obj
                0x08003150                USBD_Init
 .text.USBD_RegisterClass
                0x08003188       0x12 CMakeFiles/iButton-FW1.elf.dir/Middlewares/ST/STM32_USB_Device_Library/Core/Src/usbd_core.c.obj
                0x08003188                USBD_RegisterClass
 .text.USBD_Start
                0x0800319a        0xa CMakeFiles/iButton-FW1.elf.dir/Middlewares/ST/STM32_USB_Device_Library/Core/Src/usbd_core.c.obj
                0x0800319a                USBD_Start
 .text.USBD_SetClassConfig
                0x080031a4       0x1e CMakeFiles/iButton-FW1.elf.dir/Middlewares/ST/STM32_USB_Device_Library/Core/Src/usbd_core.c.obj
                0x080031a4                USBD_SetClassConfig
 .text.USBD_ClrClassConfig
                0x080031c2       0x10 CMakeFiles/iButton-FW1.elf.dir/Middlewares/ST/STM32_USB_Device_Library/Core/Src/usbd_core.c.obj
                0x080031c2                USBD_ClrClassConfig
 *fill*         0x080031d2        0x2 
 .text.USBD_LL_SetupStage
                0x080031d4       0x64 CMakeFiles/iButton-FW1.elf.dir/Middlewares/ST/STM32_USB_Device_Library/Core/Src/usbd_core.c.obj
                0x080031d4                USBD_LL_SetupStage
 .text.USBD_LL_DataOutStage
                0x08003238       0xa4 CMakeFiles/iButton-FW1.elf.dir/Middlewares/ST/STM32_USB_Device_Library/Core/Src/usbd_core.c.obj
                0x08003238                USBD_LL_DataOutStage
 .text.USBD_LL_DataInStage
                0x080032dc       0xea CMakeFiles/iButton-FW1.elf.dir/Middlewares/ST/STM32_USB_Device_Library/Core/Src/usbd_core.c.obj
                0x080032dc                USBD_LL_DataInStage
 .text.USBD_LL_Reset
                0x080033c6       0x5e CMakeFiles/iButton-FW1.elf.dir/Middlewares/ST/STM32_USB_Device_Library/Core/Src/usbd_core.c.obj
                0x080033c6                USBD_LL_Reset
 .text.USBD_LL_SetSpeed
                0x08003424        0x6 CMakeFiles/iButton-FW1.elf.dir/Middlewares/ST/STM32_USB_Device_Library/Core/Src/usbd_core.c.obj
                0x08003424                USBD_LL_SetSpeed
 *fill*         0x0800342a        0x2 
 .text.USBD_LL_Suspend
                0x0800342c       0x18 CMakeFiles/iButton-FW1.elf.dir/Middlewares/ST/STM32_USB_Device_Library/Core/Src/usbd_core.c.obj
                0x0800342c                USBD_LL_Suspend
 .text.USBD_LL_Resume
                0x08003444       0x1c CMakeFiles/iButton-FW1.elf.dir/Middlewares/ST/STM32_USB_Device_Library/Core/Src/usbd_core.c.obj
                0x08003444                USBD_LL_Resume
 .text.USBD_LL_SOF
                0x08003460       0x20 CMakeFiles/iButton-FW1.elf.dir/Middlewares/ST/STM32_USB_Device_Library/Core/Src/usbd_core.c.obj
                0x08003460                USBD_LL_SOF
 .text.USBD_GetLen
                0x08003480       0x14 CMakeFiles/iButton-FW1.elf.dir/Middlewares/ST/STM32_USB_Device_Library/Core/Src/usbd_ctlreq.c.obj
 .text.USBD_SetFeature
                0x08003494       0x18 CMakeFiles/iButton-FW1.elf.dir/Middlewares/ST/STM32_USB_Device_Library/Core/Src/usbd_ctlreq.c.obj
 .text.USBD_ParseSetupRequest
                0x080034ac       0x28 CMakeFiles/iButton-FW1.elf.dir/Middlewares/ST/STM32_USB_Device_Library/Core/Src/usbd_ctlreq.c.obj
                0x080034ac                USBD_ParseSetupRequest
 .text.USBD_CtlError
                0x080034d4       0x14 CMakeFiles/iButton-FW1.elf.dir/Middlewares/ST/STM32_USB_Device_Library/Core/Src/usbd_ctlreq.c.obj
                0x080034d4                USBD_CtlError
 .text.USBD_GetDescriptor
                0x080034e8      0x1b8 CMakeFiles/iButton-FW1.elf.dir/Middlewares/ST/STM32_USB_Device_Library/Core/Src/usbd_ctlreq.c.obj
 .text.USBD_SetAddress
                0x080036a0       0x60 CMakeFiles/iButton-FW1.elf.dir/Middlewares/ST/STM32_USB_Device_Library/Core/Src/usbd_ctlreq.c.obj
 .text.USBD_SetConfig
                0x08003700       0xb8 CMakeFiles/iButton-FW1.elf.dir/Middlewares/ST/STM32_USB_Device_Library/Core/Src/usbd_ctlreq.c.obj
 .text.USBD_GetConfig
                0x080037b8       0x40 CMakeFiles/iButton-FW1.elf.dir/Middlewares/ST/STM32_USB_Device_Library/Core/Src/usbd_ctlreq.c.obj
 .text.USBD_GetStatus
                0x080037f8       0x3e CMakeFiles/iButton-FW1.elf.dir/Middlewares/ST/STM32_USB_Device_Library/Core/Src/usbd_ctlreq.c.obj
 .text.USBD_ClrFeature
                0x08003836       0x2a CMakeFiles/iButton-FW1.elf.dir/Middlewares/ST/STM32_USB_Device_Library/Core/Src/usbd_ctlreq.c.obj
 .text.USBD_StdDevReq
                0x08003860       0x6c CMakeFiles/iButton-FW1.elf.dir/Middlewares/ST/STM32_USB_Device_Library/Core/Src/usbd_ctlreq.c.obj
                0x08003860                USBD_StdDevReq
 .text.USBD_StdItfReq
                0x080038cc       0x66 CMakeFiles/iButton-FW1.elf.dir/Middlewares/ST/STM32_USB_Device_Library/Core/Src/usbd_ctlreq.c.obj
                0x080038cc                USBD_StdItfReq
 .text.USBD_StdEPReq
                0x08003932      0x210 CMakeFiles/iButton-FW1.elf.dir/Middlewares/ST/STM32_USB_Device_Library/Core/Src/usbd_ctlreq.c.obj
                0x08003932                USBD_StdEPReq
 .text.USBD_GetString
                0x08003b42       0x3c CMakeFiles/iButton-FW1.elf.dir/Middlewares/ST/STM32_USB_Device_Library/Core/Src/usbd_ctlreq.c.obj
                0x08003b42                USBD_GetString
 .text.USBD_CtlSendData
                0x08003b7e       0x1c CMakeFiles/iButton-FW1.elf.dir/Middlewares/ST/STM32_USB_Device_Library/Core/Src/usbd_ioreq.c.obj
                0x08003b7e                USBD_CtlSendData
 .text.USBD_CtlContinueSendData
                0x08003b9a       0x10 CMakeFiles/iButton-FW1.elf.dir/Middlewares/ST/STM32_USB_Device_Library/Core/Src/usbd_ioreq.c.obj
                0x08003b9a                USBD_CtlContinueSendData
 .text.USBD_CtlContinueRx
                0x08003baa       0x10 CMakeFiles/iButton-FW1.elf.dir/Middlewares/ST/STM32_USB_Device_Library/Core/Src/usbd_ioreq.c.obj
                0x08003baa                USBD_CtlContinueRx
 .text.USBD_CtlSendStatus
                0x08003bba       0x18 CMakeFiles/iButton-FW1.elf.dir/Middlewares/ST/STM32_USB_Device_Library/Core/Src/usbd_ioreq.c.obj
                0x08003bba                USBD_CtlSendStatus
 .text.USBD_CtlReceiveStatus
                0x08003bd2       0x18 CMakeFiles/iButton-FW1.elf.dir/Middlewares/ST/STM32_USB_Device_Library/Core/Src/usbd_ioreq.c.obj
                0x08003bd2                USBD_CtlReceiveStatus
 *fill*         0x08003bea        0x2 
 .text.MX_USB_DEVICE_Init
                0x08003bec       0x48 CMakeFiles/iButton-FW1.elf.dir/USB_DEVICE/App/usb_device.c.obj
                0x08003bec                MX_USB_DEVICE_Init
 .text.USBD_FS_DeviceDescriptor
                0x08003c34        0xc CMakeFiles/iButton-FW1.elf.dir/USB_DEVICE/App/usbd_desc.c.obj
                0x08003c34                USBD_FS_DeviceDescriptor
 .text.USBD_FS_LangIDStrDescriptor
                0x08003c40        0xc CMakeFiles/iButton-FW1.elf.dir/USB_DEVICE/App/usbd_desc.c.obj
                0x08003c40                USBD_FS_LangIDStrDescriptor
 .text.IntToUnicode
                0x08003c4c       0x30 CMakeFiles/iButton-FW1.elf.dir/USB_DEVICE/App/usbd_desc.c.obj
 .text.Get_SerialNum
                0x08003c7c       0x28 CMakeFiles/iButton-FW1.elf.dir/USB_DEVICE/App/usbd_desc.c.obj
 .text.USBD_FS_SerialStrDescriptor
                0x08003ca4       0x14 CMakeFiles/iButton-FW1.elf.dir/USB_DEVICE/App/usbd_desc.c.obj
                0x08003ca4                USBD_FS_SerialStrDescriptor
 .text.USBD_FS_ProductStrDescriptor
                0x08003cb8       0x28 CMakeFiles/iButton-FW1.elf.dir/USB_DEVICE/App/usbd_desc.c.obj
                0x08003cb8                USBD_FS_ProductStrDescriptor
 .text.USBD_FS_ManufacturerStrDescriptor
                0x08003ce0       0x1c CMakeFiles/iButton-FW1.elf.dir/USB_DEVICE/App/usbd_desc.c.obj
                0x08003ce0                USBD_FS_ManufacturerStrDescriptor
 .text.USBD_FS_ConfigStrDescriptor
                0x08003cfc       0x28 CMakeFiles/iButton-FW1.elf.dir/USB_DEVICE/App/usbd_desc.c.obj
                0x08003cfc                USBD_FS_ConfigStrDescriptor
 .text.USBD_FS_InterfaceStrDescriptor
                0x08003d24       0x28 CMakeFiles/iButton-FW1.elf.dir/USB_DEVICE/App/usbd_desc.c.obj
                0x08003d24                USBD_FS_InterfaceStrDescriptor
 .text.USBD_Get_USB_Status
                0x08003d4c       0x16 CMakeFiles/iButton-FW1.elf.dir/USB_DEVICE/Target/usbd_conf.c.obj
 .text.SystemClockConfig_Resume
                0x08003d62        0x8 CMakeFiles/iButton-FW1.elf.dir/USB_DEVICE/Target/usbd_conf.c.obj
 *fill*         0x08003d6a        0x2 
 .text.HAL_PCD_MspInit
                0x08003d6c       0x34 CMakeFiles/iButton-FW1.elf.dir/USB_DEVICE/Target/usbd_conf.c.obj
                0x08003d6c                HAL_PCD_MspInit
 .text.HAL_PCD_SetupStageCallback
                0x08003da0       0x16 CMakeFiles/iButton-FW1.elf.dir/USB_DEVICE/Target/usbd_conf.c.obj
                0x08003da0                HAL_PCD_SetupStageCallback
 .text.HAL_PCD_DataOutStageCallback
                0x08003db6       0x1e CMakeFiles/iButton-FW1.elf.dir/USB_DEVICE/Target/usbd_conf.c.obj
                0x08003db6                HAL_PCD_DataOutStageCallback
 .text.HAL_PCD_DataInStageCallback
                0x08003dd4       0x1a CMakeFiles/iButton-FW1.elf.dir/USB_DEVICE/Target/usbd_conf.c.obj
                0x08003dd4                HAL_PCD_DataInStageCallback
 .text.HAL_PCD_SOFCallback
                0x08003dee        0xe CMakeFiles/iButton-FW1.elf.dir/USB_DEVICE/Target/usbd_conf.c.obj
                0x08003dee                HAL_PCD_SOFCallback
 .text.HAL_PCD_ResetCallback
                0x08003dfc       0x24 CMakeFiles/iButton-FW1.elf.dir/USB_DEVICE/Target/usbd_conf.c.obj
                0x08003dfc                HAL_PCD_ResetCallback
 .text.HAL_PCD_SuspendCallback
                0x08003e20       0x24 CMakeFiles/iButton-FW1.elf.dir/USB_DEVICE/Target/usbd_conf.c.obj
                0x08003e20                HAL_PCD_SuspendCallback
 .text.HAL_PCD_ResumeCallback
                0x08003e44       0x2c CMakeFiles/iButton-FW1.elf.dir/USB_DEVICE/Target/usbd_conf.c.obj
                0x08003e44                HAL_PCD_ResumeCallback
 .text.USBD_LL_Init
                0x08003e70       0x6c CMakeFiles/iButton-FW1.elf.dir/USB_DEVICE/Target/usbd_conf.c.obj
                0x08003e70                USBD_LL_Init
 .text.USBD_LL_Start
                0x08003edc       0x12 CMakeFiles/iButton-FW1.elf.dir/USB_DEVICE/Target/usbd_conf.c.obj
                0x08003edc                USBD_LL_Start
 .text.USBD_LL_OpenEP
                0x08003eee       0x18 CMakeFiles/iButton-FW1.elf.dir/USB_DEVICE/Target/usbd_conf.c.obj
                0x08003eee                USBD_LL_OpenEP
 .text.USBD_LL_CloseEP
                0x08003f06       0x12 CMakeFiles/iButton-FW1.elf.dir/USB_DEVICE/Target/usbd_conf.c.obj
                0x08003f06                USBD_LL_CloseEP
 .text.USBD_LL_StallEP
                0x08003f18       0x12 CMakeFiles/iButton-FW1.elf.dir/USB_DEVICE/Target/usbd_conf.c.obj
                0x08003f18                USBD_LL_StallEP
 .text.USBD_LL_ClearStallEP
                0x08003f2a       0x12 CMakeFiles/iButton-FW1.elf.dir/USB_DEVICE/Target/usbd_conf.c.obj
                0x08003f2a                USBD_LL_ClearStallEP
 .text.USBD_LL_IsStallEP
                0x08003f3c       0x32 CMakeFiles/iButton-FW1.elf.dir/USB_DEVICE/Target/usbd_conf.c.obj
                0x08003f3c                USBD_LL_IsStallEP
 .text.USBD_LL_SetUSBAddress
                0x08003f6e       0x12 CMakeFiles/iButton-FW1.elf.dir/USB_DEVICE/Target/usbd_conf.c.obj
                0x08003f6e                USBD_LL_SetUSBAddress
 .text.USBD_LL_Transmit
                0x08003f80       0x12 CMakeFiles/iButton-FW1.elf.dir/USB_DEVICE/Target/usbd_conf.c.obj
                0x08003f80                USBD_LL_Transmit
 .text.USBD_LL_PrepareReceive
                0x08003f92       0x12 CMakeFiles/iButton-FW1.elf.dir/USB_DEVICE/Target/usbd_conf.c.obj
                0x08003f92                USBD_LL_PrepareReceive
 .text.USBD_static_malloc
                0x08003fa4        0x8 CMakeFiles/iButton-FW1.elf.dir/USB_DEVICE/Target/usbd_conf.c.obj
                0x08003fa4                USBD_static_malloc
 .text.USBD_static_free
                0x08003fac        0x2 CMakeFiles/iButton-FW1.elf.dir/USB_DEVICE/Target/usbd_conf.c.obj
                0x08003fac                USBD_static_free
 *fill*         0x08003fae        0x2 
 .text.__muldi3
                0x08003fb0       0x5c C:/PROGRA~2/ARMGNU~1/13C7F1~1.2RE/bin/../lib/gcc/arm-none-eabi/13.2.1/thumb/v6-m/nofp\libgcc.a(_muldi3.o)
                0x08003fb0                __muldi3
                0x08003fb0                __aeabi_lmul
 .text.__udivmoddi4
                0x0800400c      0x198 C:/PROGRA~2/ARMGNU~1/13C7F1~1.2RE/bin/../lib/gcc/arm-none-eabi/13.2.1/thumb/v6-m/nofp\libgcc.a(_udivmoddi4.o)
                0x0800400c                __udivmoddi4
 .text.memset   0x080041a4       0xa8 C:/PROGRA~2/ARMGNU~1/13C7F1~1.2RE/bin/../lib/gcc/arm-none-eabi/13.2.1/thumb/v6-m/nofp\libg.a(libc_a-memset.o)
                0x080041a4                memset
 .text.__libc_init_array
                0x0800424c       0x48 C:/PROGRA~2/ARMGNU~1/13C7F1~1.2RE/bin/../lib/gcc/arm-none-eabi/13.2.1/thumb/v6-m/nofp\libg.a(libc_a-init.o)
                0x0800424c                __libc_init_array
 .text.__retarget_lock_acquire_recursive
                0x08004294        0x4 C:/PROGRA~2/ARMGNU~1/13C7F1~1.2RE/bin/../lib/gcc/arm-none-eabi/13.2.1/thumb/v6-m/nofp\libg.a(libc_a-lock.o)
                0x08004294                __retarget_lock_acquire_recursive
 .text.__retarget_lock_release_recursive
                0x08004298        0x4 C:/PROGRA~2/ARMGNU~1/13C7F1~1.2RE/bin/../lib/gcc/arm-none-eabi/13.2.1/thumb/v6-m/nofp\libg.a(libc_a-lock.o)
                0x08004298                __retarget_lock_release_recursive
 .text.startup.register_fini
                0x0800429c       0x18 C:/PROGRA~2/ARMGNU~1/13C7F1~1.2RE/bin/../lib/gcc/arm-none-eabi/13.2.1/thumb/v6-m/nofp\libg.a(libc_a-__call_atexit.o)
 .text.atexit   0x080042b4       0x10 C:/PROGRA~2/ARMGNU~1/13C7F1~1.2RE/bin/../lib/gcc/arm-none-eabi/13.2.1/thumb/v6-m/nofp\libg.a(libc_a-atexit.o)
                0x080042b4                atexit
 .text.__libc_fini_array
                0x080042c4       0x28 C:/PROGRA~2/ARMGNU~1/13C7F1~1.2RE/bin/../lib/gcc/arm-none-eabi/13.2.1/thumb/v6-m/nofp\libg.a(libc_a-fini.o)
                0x080042c4                __libc_fini_array
 .text.__register_exitproc
                0x080042ec       0xa8 C:/PROGRA~2/ARMGNU~1/13C7F1~1.2RE/bin/../lib/gcc/arm-none-eabi/13.2.1/thumb/v6-m/nofp\libg.a(libc_a-__atexit.o)
                0x080042ec                __register_exitproc
 *(.glue_7)
 .glue_7        0x08004394        0x0 linker stubs
 *(.glue_7t)
 .glue_7t       0x08004394        0x0 linker stubs
 *(.eh_frame)
 .eh_frame      0x08004394        0x0 C:/PROGRA~2/ARMGNU~1/13C7F1~1.2RE/bin/../lib/gcc/arm-none-eabi/13.2.1/thumb/v6-m/nofp/crtbegin.o
 *(.init)
 .init          0x08004394        0x4 C:/PROGRA~2/ARMGNU~1/13C7F1~1.2RE/bin/../lib/gcc/arm-none-eabi/13.2.1/thumb/v6-m/nofp/crti.o
                0x08004394                _init
 .init          0x08004398        0x8 C:/PROGRA~2/ARMGNU~1/13C7F1~1.2RE/bin/../lib/gcc/arm-none-eabi/13.2.1/thumb/v6-m/nofp/crtn.o
 *(.fini)
 .fini          0x080043a0        0x4 C:/PROGRA~2/ARMGNU~1/13C7F1~1.2RE/bin/../lib/gcc/arm-none-eabi/13.2.1/thumb/v6-m/nofp/crti.o
                0x080043a0                _fini
 .fini          0x080043a4        0x8 C:/PROGRA~2/ARMGNU~1/13C7F1~1.2RE/bin/../lib/gcc/arm-none-eabi/13.2.1/thumb/v6-m/nofp/crtn.o
                0x080043ac                        . = ALIGN (0x4)
                0x080043ac                        _etext = .

.vfp11_veneer   0x080043ac        0x0
 .vfp11_veneer  0x080043ac        0x0 linker stubs

.v4_bx          0x080043ac        0x0
 .v4_bx         0x080043ac        0x0 linker stubs

.iplt           0x080043ac        0x0
 .iplt          0x080043ac        0x0 C:/PROGRA~2/ARMGNU~1/13C7F1~1.2RE/bin/../lib/gcc/arm-none-eabi/13.2.1/thumb/v6-m/nofp/crtbegin.o

.rodata         0x080043ac       0xc4
                0x080043ac                        . = ALIGN (0x4)
 *(.rodata)
 *(.rodata*)
 .rodata.PLLMulTable
                0x080043ac        0x9 CMakeFiles/iButton-FW1.elf.dir/Core/Src/system_stm32l0xx.c.obj
                0x080043ac                PLLMulTable
 *fill*         0x080043b5        0x3 
 .rodata.AHBPrescTable
                0x080043b8       0x10 CMakeFiles/iButton-FW1.elf.dir/Core/Src/system_stm32l0xx.c.obj
                0x080043b8                AHBPrescTable
 .rodata.USBD_GetDescriptor
                0x080043c8       0x38 CMakeFiles/iButton-FW1.elf.dir/Middlewares/ST/STM32_USB_Device_Library/Core/Src/usbd_ctlreq.c.obj
 .rodata.USBD_StdDevReq
                0x08004400       0x28 CMakeFiles/iButton-FW1.elf.dir/Middlewares/ST/STM32_USB_Device_Library/Core/Src/usbd_ctlreq.c.obj
 .rodata.USBD_FS_ProductStrDescriptor.str1.4
                0x08004428       0x46 CMakeFiles/iButton-FW1.elf.dir/USB_DEVICE/App/usbd_desc.c.obj
                                 0x16 (size before relaxing)
 .rodata.USBD_FS_ManufacturerStrDescriptor.str1.4
                0x0800446e       0x13 CMakeFiles/iButton-FW1.elf.dir/USB_DEVICE/App/usbd_desc.c.obj
 .rodata.USBD_FS_ConfigStrDescriptor.str1.4
                0x0800446e        0xb CMakeFiles/iButton-FW1.elf.dir/USB_DEVICE/App/usbd_desc.c.obj
 .rodata.USBD_FS_InterfaceStrDescriptor.str1.4
                0x0800446e        0xe CMakeFiles/iButton-FW1.elf.dir/USB_DEVICE/App/usbd_desc.c.obj
                0x08004484                        . = ALIGN (0x4)
 *fill*         0x0800446e        0x2 

.ARM.extab      0x08004470        0x0
                0x08004470                        . = ALIGN (0x4)
 *(.ARM.extab* .gnu.linkonce.armextab.*)
                0x08004470                        . = ALIGN (0x4)

.ARM            0x08004470        0x8
                0x08004470                        . = ALIGN (0x4)
                0x08004470                        __exidx_start = .
 *(.ARM.exidx*)
 .ARM.exidx.text.__udivmoddi4
                0x08004470        0x8 C:/PROGRA~2/ARMGNU~1/13C7F1~1.2RE/bin/../lib/gcc/arm-none-eabi/13.2.1/thumb/v6-m/nofp\libgcc.a(_udivmoddi4.o)
                0x08004478                        __exidx_end = .
                0x08004478                        . = ALIGN (0x4)

.preinit_array  0x08004478        0x0
                0x08004478                        . = ALIGN (0x4)
                0x08004478                        PROVIDE (__preinit_array_start = .)
 *(.preinit_array*)
                0x08004478                        PROVIDE (__preinit_array_end = .)
                0x08004478                        . = ALIGN (0x4)

.init_array     0x08004478        0x8
                0x08004478                        . = ALIGN (0x4)
                0x08004478                        PROVIDE (__init_array_start = .)
 *(SORT_BY_NAME(.init_array.*))
 .init_array.00000
                0x08004478        0x4 C:/PROGRA~2/ARMGNU~1/13C7F1~1.2RE/bin/../lib/gcc/arm-none-eabi/13.2.1/thumb/v6-m/nofp\libg.a(libc_a-__call_atexit.o)
 *(.init_array*)
 .init_array    0x0800447c        0x4 C:/PROGRA~2/ARMGNU~1/13C7F1~1.2RE/bin/../lib/gcc/arm-none-eabi/13.2.1/thumb/v6-m/nofp/crtbegin.o
                0x08004480                        PROVIDE (__init_array_end = .)
                0x08004480                        . = ALIGN (0x4)

.fini_array     0x08004480        0x4
                0x08004480                        . = ALIGN (0x4)
                0x08004480                        PROVIDE (__fini_array_start = .)
 *(SORT_BY_NAME(.fini_array.*))
 *(.fini_array*)
 .fini_array    0x08004480        0x4 C:/PROGRA~2/ARMGNU~1/13C7F1~1.2RE/bin/../lib/gcc/arm-none-eabi/13.2.1/thumb/v6-m/nofp/crtbegin.o
                0x08004484                        PROVIDE (__fini_array_end = .)
                0x08004484                        . = ALIGN (0x4)
                0x08004484                        _sidata = LOADADDR (.data)

.rel.dyn        0x08004484        0x0
 .rel.iplt      0x08004484        0x0 C:/PROGRA~2/ARMGNU~1/13C7F1~1.2RE/bin/../lib/gcc/arm-none-eabi/13.2.1/thumb/v6-m/nofp/crtbegin.o

.data           0x20000000      0x164 load address 0x08004484
                0x20000000                        . = ALIGN (0x4)
                0x20000000                        _sdata = .
 *(.data)
 *(.data*)
 .data.SystemCoreClock
                0x20000000        0x4 CMakeFiles/iButton-FW1.elf.dir/Core/Src/system_stm32l0xx.c.obj
                0x20000000                SystemCoreClock
 .data.uwTickFreq
                0x20000004        0x1 CMakeFiles/iButton-FW1.elf.dir/Drivers/STM32L0xx_HAL_Driver/Src/stm32l0xx_hal.c.obj
                0x20000004                uwTickFreq
 *fill*         0x20000005        0x3 
 .data.uwTickPrio
                0x20000008        0x4 CMakeFiles/iButton-FW1.elf.dir/Drivers/STM32L0xx_HAL_Driver/Src/stm32l0xx_hal.c.obj
                0x20000008                uwTickPrio
 .data.HID_MOUSE_ReportDesc
                0x2000000c       0x47 CMakeFiles/iButton-FW1.elf.dir/Middlewares/ST/STM32_USB_Device_Library/Class/HID/Src/usbd_hid.c.obj
 *fill*         0x20000053        0x1 
 .data.USBD_HID_DeviceQualifierDesc
                0x20000054        0xa CMakeFiles/iButton-FW1.elf.dir/Middlewares/ST/STM32_USB_Device_Library/Class/HID/Src/usbd_hid.c.obj
 *fill*         0x2000005e        0x2 
 .data.USBD_HID_Desc
                0x20000060        0x9 CMakeFiles/iButton-FW1.elf.dir/Middlewares/ST/STM32_USB_Device_Library/Class/HID/Src/usbd_hid.c.obj
 *fill*         0x20000069        0x3 
 .data.USBD_HID_OtherSpeedCfgDesc
                0x2000006c       0x22 CMakeFiles/iButton-FW1.elf.dir/Middlewares/ST/STM32_USB_Device_Library/Class/HID/Src/usbd_hid.c.obj
 *fill*         0x2000008e        0x2 
 .data.USBD_HID_CfgHSDesc
                0x20000090       0x22 CMakeFiles/iButton-FW1.elf.dir/Middlewares/ST/STM32_USB_Device_Library/Class/HID/Src/usbd_hid.c.obj
 *fill*         0x200000b2        0x2 
 .data.USBD_HID_CfgFSDesc
                0x200000b4       0x22 CMakeFiles/iButton-FW1.elf.dir/Middlewares/ST/STM32_USB_Device_Library/Class/HID/Src/usbd_hid.c.obj
 *fill*         0x200000d6        0x2 
 .data.USBD_HID
                0x200000d8       0x38 CMakeFiles/iButton-FW1.elf.dir/Middlewares/ST/STM32_USB_Device_Library/Class/HID/Src/usbd_hid.c.obj
                0x200000d8                USBD_HID
 .data.USBD_StringSerial
                0x20000110       0x1a CMakeFiles/iButton-FW1.elf.dir/USB_DEVICE/App/usbd_desc.c.obj
                0x20000110                USBD_StringSerial
 *fill*         0x2000012a        0x2 
 .data.USBD_LangIDDesc
                0x2000012c        0x4 CMakeFiles/iButton-FW1.elf.dir/USB_DEVICE/App/usbd_desc.c.obj
                0x2000012c                USBD_LangIDDesc
 .data.USBD_FS_DeviceDesc
                0x20000130       0x12 CMakeFiles/iButton-FW1.elf.dir/USB_DEVICE/App/usbd_desc.c.obj
                0x20000130                USBD_FS_DeviceDesc
 *fill*         0x20000142        0x2 
 .data.FS_Desc  0x20000144       0x1c CMakeFiles/iButton-FW1.elf.dir/USB_DEVICE/App/usbd_desc.c.obj
                0x20000144                FS_Desc
 .data.__atexit_recursive_mutex
                0x20000160        0x4 C:/PROGRA~2/ARMGNU~1/13C7F1~1.2RE/bin/../lib/gcc/arm-none-eabi/13.2.1/thumb/v6-m/nofp\libg.a(libc_a-__call_atexit.o)
                0x20000160                __atexit_recursive_mutex
 *(.RamFunc)
 *(.RamFunc*)
                0x20000164                        . = ALIGN (0x4)
                0x20000164                        _edata = .

.tm_clone_table
                0x20000164        0x0 load address 0x080045e8
 .tm_clone_table
                0x20000164        0x0 C:/PROGRA~2/ARMGNU~1/13C7F1~1.2RE/bin/../lib/gcc/arm-none-eabi/13.2.1/thumb/v6-m/nofp/crtbegin.o
 .tm_clone_table
                0x20000164        0x0 C:/PROGRA~2/ARMGNU~1/13C7F1~1.2RE/bin/../lib/gcc/arm-none-eabi/13.2.1/thumb/v6-m/nofp/crtend.o

.igot.plt       0x20000164        0x0 load address 0x080045e8
 .igot.plt      0x20000164        0x0 C:/PROGRA~2/ARMGNU~1/13C7F1~1.2RE/bin/../lib/gcc/arm-none-eabi/13.2.1/thumb/v6-m/nofp/crtbegin.o
                0x20000164                        . = ALIGN (0x4)

.bss            0x20000164      0x988 load address 0x080045e8
                0x20000164                        _sbss = .
                0x20000164                        __bss_start__ = _sbss
 *(.bss)
 *(.bss*)
 .bss.completed.1
                0x20000164        0x1 C:/PROGRA~2/ARMGNU~1/13C7F1~1.2RE/bin/../lib/gcc/arm-none-eabi/13.2.1/thumb/v6-m/nofp/crtbegin.o
 *fill*         0x20000165        0x3 
 .bss.object.0  0x20000168       0x18 C:/PROGRA~2/ARMGNU~1/13C7F1~1.2RE/bin/../lib/gcc/arm-none-eabi/13.2.1/thumb/v6-m/nofp/crtbegin.o
 .bss.uwTick    0x20000180        0x4 CMakeFiles/iButton-FW1.elf.dir/Drivers/STM32L0xx_HAL_Driver/Src/stm32l0xx_hal.c.obj
                0x20000180                uwTick
 .bss.cfgidx.0  0x20000184        0x1 CMakeFiles/iButton-FW1.elf.dir/Middlewares/ST/STM32_USB_Device_Library/Core/Src/usbd_ctlreq.c.obj
 *fill*         0x20000185        0x3 
 .bss.hUsbDeviceFS
                0x20000188      0x2c4 CMakeFiles/iButton-FW1.elf.dir/USB_DEVICE/App/usb_device.c.obj
                0x20000188                hUsbDeviceFS
 .bss.USBD_StrDesc
                0x2000044c      0x200 CMakeFiles/iButton-FW1.elf.dir/USB_DEVICE/App/usbd_desc.c.obj
                0x2000044c                USBD_StrDesc
 .bss.mem.0     0x2000064c       0x14 CMakeFiles/iButton-FW1.elf.dir/USB_DEVICE/Target/usbd_conf.c.obj
 .bss.hpcd_USB_FS
                0x20000660      0x2f4 CMakeFiles/iButton-FW1.elf.dir/USB_DEVICE/Target/usbd_conf.c.obj
                0x20000660                hpcd_USB_FS
 .bss.__lock___atexit_recursive_mutex
                0x20000954        0x1 C:/PROGRA~2/ARMGNU~1/13C7F1~1.2RE/bin/../lib/gcc/arm-none-eabi/13.2.1/thumb/v6-m/nofp\libg.a(libc_a-lock.o)
                0x20000954                __lock___atexit_recursive_mutex
 *fill*         0x20000955        0x3 
 .bss.__atexit  0x20000958        0x4 C:/PROGRA~2/ARMGNU~1/13C7F1~1.2RE/bin/../lib/gcc/arm-none-eabi/13.2.1/thumb/v6-m/nofp\libg.a(libc_a-__call_atexit.o)
                0x20000958                __atexit
 .bss.__atexit0
                0x2000095c      0x190 C:/PROGRA~2/ARMGNU~1/13C7F1~1.2RE/bin/../lib/gcc/arm-none-eabi/13.2.1/thumb/v6-m/nofp\libg.a(libc_a-__atexit.o)
                0x2000095c                __atexit0
 *(COMMON)
                0x20000aec                        . = ALIGN (0x4)
                0x20000aec                        _ebss = .
                0x20000aec                        __bss_end__ = _ebss

._user_heap_stack
                0x20000aec      0x604 load address 0x080045e8
                0x20000af0                        . = ALIGN (0x8)
 *fill*         0x20000aec        0x4 
                [!provide]                        PROVIDE (end = .)
                0x20000af0                        PROVIDE (_end = .)
                0x20000cf0                        . = (. + _Min_Heap_Size)
 *fill*         0x20000af0      0x200 
                0x200010f0                        . = (. + _Min_Stack_Size)
 *fill*         0x20000cf0      0x400 
                0x200010f0                        . = ALIGN (0x8)

/DISCARD/
 libc.a(*)
 libm.a(*)
 libgcc.a(*)

.ARM.attributes
                0x00000000       0x28
 *(.ARM.attributes)
 .ARM.attributes
                0x00000000       0x1e C:/PROGRA~2/ARMGNU~1/13C7F1~1.2RE/bin/../lib/gcc/arm-none-eabi/13.2.1/thumb/v6-m/nofp/crti.o
 .ARM.attributes
                0x0000001e       0x2c C:/PROGRA~2/ARMGNU~1/13C7F1~1.2RE/bin/../lib/gcc/arm-none-eabi/13.2.1/thumb/v6-m/nofp/crtbegin.o
 .ARM.attributes
                0x0000004a       0x2c CMakeFiles/iButton-FW1.elf.dir/Core/Src/main.c.obj
 .ARM.attributes
                0x00000076       0x2c CMakeFiles/iButton-FW1.elf.dir/Core/Src/stm32l0xx_hal_msp.c.obj
 .ARM.attributes
                0x000000a2       0x2c CMakeFiles/iButton-FW1.elf.dir/Core/Src/stm32l0xx_it.c.obj
 .ARM.attributes
                0x000000ce       0x2c CMakeFiles/iButton-FW1.elf.dir/Core/Src/system_stm32l0xx.c.obj
 .ARM.attributes
                0x000000fa       0x22 CMakeFiles/iButton-FW1.elf.dir/Core/Startup/startup_stm32l052c8tx.s.obj
 .ARM.attributes
                0x0000011c       0x2c CMakeFiles/iButton-FW1.elf.dir/Drivers/STM32L0xx_HAL_Driver/Src/stm32l0xx_hal.c.obj
 .ARM.attributes
                0x00000148       0x2c CMakeFiles/iButton-FW1.elf.dir/Drivers/STM32L0xx_HAL_Driver/Src/stm32l0xx_hal_cortex.c.obj
 .ARM.attributes
                0x00000174       0x2c CMakeFiles/iButton-FW1.elf.dir/Drivers/STM32L0xx_HAL_Driver/Src/stm32l0xx_hal_gpio.c.obj
 .ARM.attributes
                0x000001a0       0x2c CMakeFiles/iButton-FW1.elf.dir/Drivers/STM32L0xx_HAL_Driver/Src/stm32l0xx_hal_pcd.c.obj
 .ARM.attributes
                0x000001cc       0x2c CMakeFiles/iButton-FW1.elf.dir/Drivers/STM32L0xx_HAL_Driver/Src/stm32l0xx_hal_pcd_ex.c.obj
 .ARM.attributes
                0x000001f8       0x2c CMakeFiles/iButton-FW1.elf.dir/Drivers/STM32L0xx_HAL_Driver/Src/stm32l0xx_hal_rcc.c.obj
 .ARM.attributes
                0x00000224       0x2c CMakeFiles/iButton-FW1.elf.dir/Drivers/STM32L0xx_HAL_Driver/Src/stm32l0xx_hal_rcc_ex.c.obj
 .ARM.attributes
                0x00000250       0x2c CMakeFiles/iButton-FW1.elf.dir/Drivers/STM32L0xx_HAL_Driver/Src/stm32l0xx_ll_usb.c.obj
 .ARM.attributes
                0x0000027c       0x2c CMakeFiles/iButton-FW1.elf.dir/Middlewares/ST/STM32_USB_Device_Library/Class/HID/Src/usbd_hid.c.obj
 .ARM.attributes
                0x000002a8       0x2c CMakeFiles/iButton-FW1.elf.dir/Middlewares/ST/STM32_USB_Device_Library/Core/Src/usbd_core.c.obj
 .ARM.attributes
                0x000002d4       0x2c CMakeFiles/iButton-FW1.elf.dir/Middlewares/ST/STM32_USB_Device_Library/Core/Src/usbd_ctlreq.c.obj
 .ARM.attributes
                0x00000300       0x2c CMakeFiles/iButton-FW1.elf.dir/Middlewares/ST/STM32_USB_Device_Library/Core/Src/usbd_ioreq.c.obj
 .ARM.attributes
                0x0000032c       0x2c CMakeFiles/iButton-FW1.elf.dir/USB_DEVICE/App/usb_device.c.obj
 .ARM.attributes
                0x00000358       0x2c CMakeFiles/iButton-FW1.elf.dir/USB_DEVICE/App/usbd_desc.c.obj
 .ARM.attributes
                0x00000384       0x2c CMakeFiles/iButton-FW1.elf.dir/USB_DEVICE/Target/usbd_conf.c.obj
 .ARM.attributes
                0x000003b0       0x1e C:/PROGRA~2/ARMGNU~1/13C7F1~1.2RE/bin/../lib/gcc/arm-none-eabi/13.2.1/thumb/v6-m/nofp\libgcc.a(_udivsi3.o)
 .ARM.attributes
                0x000003ce       0x1e C:/PROGRA~2/ARMGNU~1/13C7F1~1.2RE/bin/../lib/gcc/arm-none-eabi/13.2.1/thumb/v6-m/nofp\libgcc.a(_dvmd_tls.o)
 .ARM.attributes
                0x000003ec       0x1e C:/PROGRA~2/ARMGNU~1/13C7F1~1.2RE/bin/../lib/gcc/arm-none-eabi/13.2.1/thumb/v6-m/nofp\libgcc.a(_aeabi_uldivmod.o)
 .ARM.attributes
                0x0000040a       0x2c C:/PROGRA~2/ARMGNU~1/13C7F1~1.2RE/bin/../lib/gcc/arm-none-eabi/13.2.1/thumb/v6-m/nofp\libgcc.a(_muldi3.o)
 .ARM.attributes
                0x00000436       0x2c C:/PROGRA~2/ARMGNU~1/13C7F1~1.2RE/bin/../lib/gcc/arm-none-eabi/13.2.1/thumb/v6-m/nofp\libgcc.a(_udivmoddi4.o)
 .ARM.attributes
                0x00000462       0x1e C:/PROGRA~2/ARMGNU~1/13C7F1~1.2RE/bin/../lib/gcc/arm-none-eabi/13.2.1/thumb/v6-m/nofp\libgcc.a(_clzdi2.o)
 .ARM.attributes
                0x00000480       0x1e C:/PROGRA~2/ARMGNU~1/13C7F1~1.2RE/bin/../lib/gcc/arm-none-eabi/13.2.1/thumb/v6-m/nofp\libgcc.a(_clzsi2.o)
 .ARM.attributes
                0x0000049e       0x2c C:/PROGRA~2/ARMGNU~1/13C7F1~1.2RE/bin/../lib/gcc/arm-none-eabi/13.2.1/thumb/v6-m/nofp\libg.a(libc_a-memset.o)
 .ARM.attributes
                0x000004ca       0x2c C:/PROGRA~2/ARMGNU~1/13C7F1~1.2RE/bin/../lib/gcc/arm-none-eabi/13.2.1/thumb/v6-m/nofp\libg.a(libc_a-init.o)
 .ARM.attributes
                0x000004f6       0x2c C:/PROGRA~2/ARMGNU~1/13C7F1~1.2RE/bin/../lib/gcc/arm-none-eabi/13.2.1/thumb/v6-m/nofp\libg.a(libc_a-lock.o)
 .ARM.attributes
                0x00000522       0x2c C:/PROGRA~2/ARMGNU~1/13C7F1~1.2RE/bin/../lib/gcc/arm-none-eabi/13.2.1/thumb/v6-m/nofp\libg.a(libc_a-__call_atexit.o)
 .ARM.attributes
                0x0000054e       0x2c C:/PROGRA~2/ARMGNU~1/13C7F1~1.2RE/bin/../lib/gcc/arm-none-eabi/13.2.1/thumb/v6-m/nofp\libg.a(libc_a-atexit.o)
 .ARM.attributes
                0x0000057a       0x2c C:/PROGRA~2/ARMGNU~1/13C7F1~1.2RE/bin/../lib/gcc/arm-none-eabi/13.2.1/thumb/v6-m/nofp\libg.a(libc_a-fini.o)
 .ARM.attributes
                0x000005a6       0x2c C:/PROGRA~2/ARMGNU~1/13C7F1~1.2RE/bin/../lib/gcc/arm-none-eabi/13.2.1/thumb/v6-m/nofp\libg.a(libc_a-__atexit.o)
 .ARM.attributes
                0x000005d2       0x2c C:/PROGRA~2/ARMGNU~1/13C7F1~1.2RE/bin/../lib/gcc/arm-none-eabi/13.2.1/thumb/v6-m/nofp/crtend.o
 .ARM.attributes
                0x000005fe       0x1e C:/PROGRA~2/ARMGNU~1/13C7F1~1.2RE/bin/../lib/gcc/arm-none-eabi/13.2.1/thumb/v6-m/nofp/crtn.o
OUTPUT(iButton-FW1.elf elf32-littlearm)
LOAD linker stubs
LOAD C:/PROGRA~2/ARMGNU~1/13C7F1~1.2RE/bin/../lib/gcc/arm-none-eabi/13.2.1/thumb/v6-m/nofp\libc.a
LOAD C:/PROGRA~2/ARMGNU~1/13C7F1~1.2RE/bin/../lib/gcc/arm-none-eabi/13.2.1/thumb/v6-m/nofp\libm.a
LOAD C:/PROGRA~2/ARMGNU~1/13C7F1~1.2RE/bin/../lib/gcc/arm-none-eabi/13.2.1/thumb/v6-m/nofp\libgcc.a

.debug_info     0x00000000     0xdeb1
 .debug_info    0x00000000      0xd29 CMakeFiles/iButton-FW1.elf.dir/Core/Src/main.c.obj
 .debug_info    0x00000d29      0x1b6 CMakeFiles/iButton-FW1.elf.dir/Core/Src/stm32l0xx_hal_msp.c.obj
 .debug_info    0x00000edf      0x60a CMakeFiles/iButton-FW1.elf.dir/Core/Src/stm32l0xx_it.c.obj
 .debug_info    0x000014e9      0x309 CMakeFiles/iButton-FW1.elf.dir/Core/Src/system_stm32l0xx.c.obj
 .debug_info    0x000017f2       0x30 CMakeFiles/iButton-FW1.elf.dir/Core/Startup/startup_stm32l052c8tx.s.obj
 .debug_info    0x00001822      0x8ff CMakeFiles/iButton-FW1.elf.dir/Drivers/STM32L0xx_HAL_Driver/Src/stm32l0xx_hal.c.obj
 .debug_info    0x00002121      0x9a1 CMakeFiles/iButton-FW1.elf.dir/Drivers/STM32L0xx_HAL_Driver/Src/stm32l0xx_hal_cortex.c.obj
 .debug_info    0x00002ac2      0x65e CMakeFiles/iButton-FW1.elf.dir/Drivers/STM32L0xx_HAL_Driver/Src/stm32l0xx_hal_gpio.c.obj
 .debug_info    0x00003120     0x1b44 CMakeFiles/iButton-FW1.elf.dir/Drivers/STM32L0xx_HAL_Driver/Src/stm32l0xx_hal_pcd.c.obj
 .debug_info    0x00004c64      0x973 CMakeFiles/iButton-FW1.elf.dir/Drivers/STM32L0xx_HAL_Driver/Src/stm32l0xx_hal_pcd_ex.c.obj
 .debug_info    0x000055d7      0xce9 CMakeFiles/iButton-FW1.elf.dir/Drivers/STM32L0xx_HAL_Driver/Src/stm32l0xx_hal_rcc.c.obj
 .debug_info    0x000062c0      0x901 CMakeFiles/iButton-FW1.elf.dir/Drivers/STM32L0xx_HAL_Driver/Src/stm32l0xx_hal_rcc_ex.c.obj
 .debug_info    0x00006bc1     0x195d CMakeFiles/iButton-FW1.elf.dir/Drivers/STM32L0xx_HAL_Driver/Src/stm32l0xx_ll_usb.c.obj
 .debug_info    0x0000851e      0xadd CMakeFiles/iButton-FW1.elf.dir/Middlewares/ST/STM32_USB_Device_Library/Class/HID/Src/usbd_hid.c.obj
 .debug_info    0x00008ffb      0xdfa CMakeFiles/iButton-FW1.elf.dir/Middlewares/ST/STM32_USB_Device_Library/Core/Src/usbd_core.c.obj
 .debug_info    0x00009df5     0x10dd CMakeFiles/iButton-FW1.elf.dir/Middlewares/ST/STM32_USB_Device_Library/Core/Src/usbd_ctlreq.c.obj
 .debug_info    0x0000aed2      0x834 CMakeFiles/iButton-FW1.elf.dir/Middlewares/ST/STM32_USB_Device_Library/Core/Src/usbd_ioreq.c.obj
 .debug_info    0x0000b706      0x59c CMakeFiles/iButton-FW1.elf.dir/USB_DEVICE/App/usb_device.c.obj
 .debug_info    0x0000bca2      0x5bf CMakeFiles/iButton-FW1.elf.dir/USB_DEVICE/App/usbd_desc.c.obj
 .debug_info    0x0000c261     0x1c50 CMakeFiles/iButton-FW1.elf.dir/USB_DEVICE/Target/usbd_conf.c.obj

.debug_abbrev   0x00000000     0x2b50
 .debug_abbrev  0x00000000      0x2b0 CMakeFiles/iButton-FW1.elf.dir/Core/Src/main.c.obj
 .debug_abbrev  0x000002b0       0x9d CMakeFiles/iButton-FW1.elf.dir/Core/Src/stm32l0xx_hal_msp.c.obj
 .debug_abbrev  0x0000034d      0x19b CMakeFiles/iButton-FW1.elf.dir/Core/Src/stm32l0xx_it.c.obj
 .debug_abbrev  0x000004e8      0x136 CMakeFiles/iButton-FW1.elf.dir/Core/Src/system_stm32l0xx.c.obj
 .debug_abbrev  0x0000061e       0x24 CMakeFiles/iButton-FW1.elf.dir/Core/Startup/startup_stm32l052c8tx.s.obj
 .debug_abbrev  0x00000642      0x29e CMakeFiles/iButton-FW1.elf.dir/Drivers/STM32L0xx_HAL_Driver/Src/stm32l0xx_hal.c.obj
 .debug_abbrev  0x000008e0      0x2f9 CMakeFiles/iButton-FW1.elf.dir/Drivers/STM32L0xx_HAL_Driver/Src/stm32l0xx_hal_cortex.c.obj
 .debug_abbrev  0x00000bd9      0x1e6 CMakeFiles/iButton-FW1.elf.dir/Drivers/STM32L0xx_HAL_Driver/Src/stm32l0xx_hal_gpio.c.obj
 .debug_abbrev  0x00000dbf      0x2db CMakeFiles/iButton-FW1.elf.dir/Drivers/STM32L0xx_HAL_Driver/Src/stm32l0xx_hal_pcd.c.obj
 .debug_abbrev  0x0000109a      0x26d CMakeFiles/iButton-FW1.elf.dir/Drivers/STM32L0xx_HAL_Driver/Src/stm32l0xx_hal_pcd_ex.c.obj
 .debug_abbrev  0x00001307      0x2d6 CMakeFiles/iButton-FW1.elf.dir/Drivers/STM32L0xx_HAL_Driver/Src/stm32l0xx_hal_rcc.c.obj
 .debug_abbrev  0x000015dd      0x219 CMakeFiles/iButton-FW1.elf.dir/Drivers/STM32L0xx_HAL_Driver/Src/stm32l0xx_hal_rcc_ex.c.obj
 .debug_abbrev  0x000017f6      0x2c0 CMakeFiles/iButton-FW1.elf.dir/Drivers/STM32L0xx_HAL_Driver/Src/stm32l0xx_ll_usb.c.obj
 .debug_abbrev  0x00001ab6      0x284 CMakeFiles/iButton-FW1.elf.dir/Middlewares/ST/STM32_USB_Device_Library/Class/HID/Src/usbd_hid.c.obj
 .debug_abbrev  0x00001d3a      0x284 CMakeFiles/iButton-FW1.elf.dir/Middlewares/ST/STM32_USB_Device_Library/Core/Src/usbd_core.c.obj
 .debug_abbrev  0x00001fbe      0x2eb CMakeFiles/iButton-FW1.elf.dir/Middlewares/ST/STM32_USB_Device_Library/Core/Src/usbd_ctlreq.c.obj
 .debug_abbrev  0x000022a9      0x1a8 CMakeFiles/iButton-FW1.elf.dir/Middlewares/ST/STM32_USB_Device_Library/Core/Src/usbd_ioreq.c.obj
 .debug_abbrev  0x00002451      0x1a3 CMakeFiles/iButton-FW1.elf.dir/USB_DEVICE/App/usb_device.c.obj
 .debug_abbrev  0x000025f4      0x22f CMakeFiles/iButton-FW1.elf.dir/USB_DEVICE/App/usbd_desc.c.obj
 .debug_abbrev  0x00002823      0x32d CMakeFiles/iButton-FW1.elf.dir/USB_DEVICE/Target/usbd_conf.c.obj

.debug_loclists
                0x00000000     0x5c3e
 .debug_loclists
                0x00000000       0x30 CMakeFiles/iButton-FW1.elf.dir/Core/Src/main.c.obj
 .debug_loclists
                0x00000030      0x127 CMakeFiles/iButton-FW1.elf.dir/Core/Src/system_stm32l0xx.c.obj
 .debug_loclists
                0x00000157      0x105 CMakeFiles/iButton-FW1.elf.dir/Drivers/STM32L0xx_HAL_Driver/Src/stm32l0xx_hal.c.obj
 .debug_loclists
                0x0000025c      0x225 CMakeFiles/iButton-FW1.elf.dir/Drivers/STM32L0xx_HAL_Driver/Src/stm32l0xx_hal_cortex.c.obj
 .debug_loclists
                0x00000481      0x2af CMakeFiles/iButton-FW1.elf.dir/Drivers/STM32L0xx_HAL_Driver/Src/stm32l0xx_hal_gpio.c.obj
 .debug_loclists
                0x00000730     0x1029 CMakeFiles/iButton-FW1.elf.dir/Drivers/STM32L0xx_HAL_Driver/Src/stm32l0xx_hal_pcd.c.obj
 .debug_loclists
                0x00001759      0x1f5 CMakeFiles/iButton-FW1.elf.dir/Drivers/STM32L0xx_HAL_Driver/Src/stm32l0xx_hal_pcd_ex.c.obj
 .debug_loclists
                0x0000194e      0x502 CMakeFiles/iButton-FW1.elf.dir/Drivers/STM32L0xx_HAL_Driver/Src/stm32l0xx_hal_rcc.c.obj
 .debug_loclists
                0x00001e50      0x444 CMakeFiles/iButton-FW1.elf.dir/Drivers/STM32L0xx_HAL_Driver/Src/stm32l0xx_hal_rcc_ex.c.obj
 .debug_loclists
                0x00002294     0x11b0 CMakeFiles/iButton-FW1.elf.dir/Drivers/STM32L0xx_HAL_Driver/Src/stm32l0xx_ll_usb.c.obj
 .debug_loclists
                0x00003444      0x5ea CMakeFiles/iButton-FW1.elf.dir/Middlewares/ST/STM32_USB_Device_Library/Class/HID/Src/usbd_hid.c.obj
 .debug_loclists
                0x00003a2e      0x683 CMakeFiles/iButton-FW1.elf.dir/Middlewares/ST/STM32_USB_Device_Library/Core/Src/usbd_core.c.obj
 .debug_loclists
                0x000040b1      0xe1c CMakeFiles/iButton-FW1.elf.dir/Middlewares/ST/STM32_USB_Device_Library/Core/Src/usbd_ctlreq.c.obj
 .debug_loclists
                0x00004ecd      0x214 CMakeFiles/iButton-FW1.elf.dir/Middlewares/ST/STM32_USB_Device_Library/Core/Src/usbd_ioreq.c.obj
 .debug_loclists
                0x000050e1      0x286 CMakeFiles/iButton-FW1.elf.dir/USB_DEVICE/App/usbd_desc.c.obj
 .debug_loclists
                0x00005367      0x8d7 CMakeFiles/iButton-FW1.elf.dir/USB_DEVICE/Target/usbd_conf.c.obj

.debug_aranges  0x00000000      0xa10
 .debug_aranges
                0x00000000       0x38 CMakeFiles/iButton-FW1.elf.dir/Core/Src/main.c.obj
 .debug_aranges
                0x00000038       0x20 CMakeFiles/iButton-FW1.elf.dir/Core/Src/stm32l0xx_hal_msp.c.obj
 .debug_aranges
                0x00000058       0x48 CMakeFiles/iButton-FW1.elf.dir/Core/Src/stm32l0xx_it.c.obj
 .debug_aranges
                0x000000a0       0x28 CMakeFiles/iButton-FW1.elf.dir/Core/Src/system_stm32l0xx.c.obj
 .debug_aranges
                0x000000c8       0x28 CMakeFiles/iButton-FW1.elf.dir/Core/Startup/startup_stm32l052c8tx.s.obj
 .debug_aranges
                0x000000f0      0x110 CMakeFiles/iButton-FW1.elf.dir/Drivers/STM32L0xx_HAL_Driver/Src/stm32l0xx_hal.c.obj
 .debug_aranges
                0x00000200       0xb0 CMakeFiles/iButton-FW1.elf.dir/Drivers/STM32L0xx_HAL_Driver/Src/stm32l0xx_hal_cortex.c.obj
 .debug_aranges
                0x000002b0       0x58 CMakeFiles/iButton-FW1.elf.dir/Drivers/STM32L0xx_HAL_Driver/Src/stm32l0xx_hal_gpio.c.obj
 .debug_aranges
                0x00000308      0x138 CMakeFiles/iButton-FW1.elf.dir/Drivers/STM32L0xx_HAL_Driver/Src/stm32l0xx_hal_pcd.c.obj
 .debug_aranges
                0x00000440       0x58 CMakeFiles/iButton-FW1.elf.dir/Drivers/STM32L0xx_HAL_Driver/Src/stm32l0xx_hal_pcd_ex.c.obj
 .debug_aranges
                0x00000498       0x80 CMakeFiles/iButton-FW1.elf.dir/Drivers/STM32L0xx_HAL_Driver/Src/stm32l0xx_hal_rcc.c.obj
 .debug_aranges
                0x00000518       0xb0 CMakeFiles/iButton-FW1.elf.dir/Drivers/STM32L0xx_HAL_Driver/Src/stm32l0xx_hal_rcc_ex.c.obj
 .debug_aranges
                0x000005c8       0xb8 CMakeFiles/iButton-FW1.elf.dir/Drivers/STM32L0xx_HAL_Driver/Src/stm32l0xx_ll_usb.c.obj
 .debug_aranges
                0x00000680       0x68 CMakeFiles/iButton-FW1.elf.dir/Middlewares/ST/STM32_USB_Device_Library/Class/HID/Src/usbd_hid.c.obj
 .debug_aranges
                0x000006e8       0xb8 CMakeFiles/iButton-FW1.elf.dir/Middlewares/ST/STM32_USB_Device_Library/Core/Src/usbd_core.c.obj
 .debug_aranges
                0x000007a0       0x88 CMakeFiles/iButton-FW1.elf.dir/Middlewares/ST/STM32_USB_Device_Library/Core/Src/usbd_ctlreq.c.obj
 .debug_aranges
                0x00000828       0x50 CMakeFiles/iButton-FW1.elf.dir/Middlewares/ST/STM32_USB_Device_Library/Core/Src/usbd_ioreq.c.obj
 .debug_aranges
                0x00000878       0x20 CMakeFiles/iButton-FW1.elf.dir/USB_DEVICE/App/usb_device.c.obj
 .debug_aranges
                0x00000898       0x60 CMakeFiles/iButton-FW1.elf.dir/USB_DEVICE/App/usbd_desc.c.obj
 .debug_aranges
                0x000008f8      0x118 CMakeFiles/iButton-FW1.elf.dir/USB_DEVICE/Target/usbd_conf.c.obj

.debug_rnglists
                0x00000000      0x93b
 .debug_rnglists
                0x00000000       0x27 CMakeFiles/iButton-FW1.elf.dir/Core/Src/main.c.obj
 .debug_rnglists
                0x00000027       0x13 CMakeFiles/iButton-FW1.elf.dir/Core/Src/stm32l0xx_hal_msp.c.obj
 .debug_rnglists
                0x0000003a       0x31 CMakeFiles/iButton-FW1.elf.dir/Core/Src/stm32l0xx_it.c.obj
 .debug_rnglists
                0x0000006b       0x1a CMakeFiles/iButton-FW1.elf.dir/Core/Src/system_stm32l0xx.c.obj
 .debug_rnglists
                0x00000085       0x19 CMakeFiles/iButton-FW1.elf.dir/Core/Startup/startup_stm32l052c8tx.s.obj
 .debug_rnglists
                0x0000009e       0xc7 CMakeFiles/iButton-FW1.elf.dir/Drivers/STM32L0xx_HAL_Driver/Src/stm32l0xx_hal.c.obj
 .debug_rnglists
                0x00000165       0x8b CMakeFiles/iButton-FW1.elf.dir/Drivers/STM32L0xx_HAL_Driver/Src/stm32l0xx_hal_cortex.c.obj
 .debug_rnglists
                0x000001f0       0x3f CMakeFiles/iButton-FW1.elf.dir/Drivers/STM32L0xx_HAL_Driver/Src/stm32l0xx_hal_gpio.c.obj
 .debug_rnglists
                0x0000022f      0x17a CMakeFiles/iButton-FW1.elf.dir/Drivers/STM32L0xx_HAL_Driver/Src/stm32l0xx_hal_pcd.c.obj
 .debug_rnglists
                0x000003a9       0x3e CMakeFiles/iButton-FW1.elf.dir/Drivers/STM32L0xx_HAL_Driver/Src/stm32l0xx_hal_pcd_ex.c.obj
 .debug_rnglists
                0x000003e7       0x7d CMakeFiles/iButton-FW1.elf.dir/Drivers/STM32L0xx_HAL_Driver/Src/stm32l0xx_hal_rcc.c.obj
 .debug_rnglists
                0x00000464       0x82 CMakeFiles/iButton-FW1.elf.dir/Drivers/STM32L0xx_HAL_Driver/Src/stm32l0xx_hal_rcc_ex.c.obj
 .debug_rnglists
                0x000004e6      0x1c6 CMakeFiles/iButton-FW1.elf.dir/Drivers/STM32L0xx_HAL_Driver/Src/stm32l0xx_ll_usb.c.obj
 .debug_rnglists
                0x000006ac       0x4a CMakeFiles/iButton-FW1.elf.dir/Middlewares/ST/STM32_USB_Device_Library/Class/HID/Src/usbd_hid.c.obj
 .debug_rnglists
                0x000006f6       0x87 CMakeFiles/iButton-FW1.elf.dir/Middlewares/ST/STM32_USB_Device_Library/Core/Src/usbd_core.c.obj
 .debug_rnglists
                0x0000077d       0x64 CMakeFiles/iButton-FW1.elf.dir/Middlewares/ST/STM32_USB_Device_Library/Core/Src/usbd_ctlreq.c.obj
 .debug_rnglists
                0x000007e1       0x37 CMakeFiles/iButton-FW1.elf.dir/Middlewares/ST/STM32_USB_Device_Library/Core/Src/usbd_ioreq.c.obj
 .debug_rnglists
                0x00000818       0x13 CMakeFiles/iButton-FW1.elf.dir/USB_DEVICE/App/usb_device.c.obj
 .debug_rnglists
                0x0000082b       0x43 CMakeFiles/iButton-FW1.elf.dir/USB_DEVICE/App/usbd_desc.c.obj
 .debug_rnglists
                0x0000086e       0xcd CMakeFiles/iButton-FW1.elf.dir/USB_DEVICE/Target/usbd_conf.c.obj

.debug_line     0x00000000     0x9e96
 .debug_line    0x00000000      0x60a CMakeFiles/iButton-FW1.elf.dir/Core/Src/main.c.obj
 .debug_line    0x0000060a      0x1aa CMakeFiles/iButton-FW1.elf.dir/Core/Src/stm32l0xx_hal_msp.c.obj
 .debug_line    0x000007b4      0x2ce CMakeFiles/iButton-FW1.elf.dir/Core/Src/stm32l0xx_it.c.obj
 .debug_line    0x00000a82      0x2ac CMakeFiles/iButton-FW1.elf.dir/Core/Src/system_stm32l0xx.c.obj
 .debug_line    0x00000d2e       0x7b CMakeFiles/iButton-FW1.elf.dir/Core/Startup/startup_stm32l052c8tx.s.obj
 .debug_line    0x00000da9      0x6fd CMakeFiles/iButton-FW1.elf.dir/Drivers/STM32L0xx_HAL_Driver/Src/stm32l0xx_hal.c.obj
 .debug_line    0x000014a6      0x757 CMakeFiles/iButton-FW1.elf.dir/Drivers/STM32L0xx_HAL_Driver/Src/stm32l0xx_hal_cortex.c.obj
 .debug_line    0x00001bfd      0x73c CMakeFiles/iButton-FW1.elf.dir/Drivers/STM32L0xx_HAL_Driver/Src/stm32l0xx_hal_gpio.c.obj
 .debug_line    0x00002339     0x18b3 CMakeFiles/iButton-FW1.elf.dir/Drivers/STM32L0xx_HAL_Driver/Src/stm32l0xx_hal_pcd.c.obj
 .debug_line    0x00003bec      0x4dd CMakeFiles/iButton-FW1.elf.dir/Drivers/STM32L0xx_HAL_Driver/Src/stm32l0xx_hal_pcd_ex.c.obj
 .debug_line    0x000040c9      0xf68 CMakeFiles/iButton-FW1.elf.dir/Drivers/STM32L0xx_HAL_Driver/Src/stm32l0xx_hal_rcc.c.obj
 .debug_line    0x00005031      0xb9a CMakeFiles/iButton-FW1.elf.dir/Drivers/STM32L0xx_HAL_Driver/Src/stm32l0xx_hal_rcc_ex.c.obj
 .debug_line    0x00005bcb     0x1773 CMakeFiles/iButton-FW1.elf.dir/Drivers/STM32L0xx_HAL_Driver/Src/stm32l0xx_ll_usb.c.obj
 .debug_line    0x0000733e      0x61b CMakeFiles/iButton-FW1.elf.dir/Middlewares/ST/STM32_USB_Device_Library/Class/HID/Src/usbd_hid.c.obj
 .debug_line    0x00007959      0x75c CMakeFiles/iButton-FW1.elf.dir/Middlewares/ST/STM32_USB_Device_Library/Core/Src/usbd_core.c.obj
 .debug_line    0x000080b5      0xb31 CMakeFiles/iButton-FW1.elf.dir/Middlewares/ST/STM32_USB_Device_Library/Core/Src/usbd_ctlreq.c.obj
 .debug_line    0x00008be6      0x2e2 CMakeFiles/iButton-FW1.elf.dir/Middlewares/ST/STM32_USB_Device_Library/Core/Src/usbd_ioreq.c.obj
 .debug_line    0x00008ec8      0x2d1 CMakeFiles/iButton-FW1.elf.dir/USB_DEVICE/App/usb_device.c.obj
 .debug_line    0x00009199      0x3a6 CMakeFiles/iButton-FW1.elf.dir/USB_DEVICE/App/usbd_desc.c.obj
 .debug_line    0x0000953f      0x957 CMakeFiles/iButton-FW1.elf.dir/USB_DEVICE/Target/usbd_conf.c.obj

.debug_str      0x00000000     0x3323
 .debug_str     0x00000000     0x3323 CMakeFiles/iButton-FW1.elf.dir/Core/Src/main.c.obj
                                0xa4a (size before relaxing)
 .debug_str     0x00003323      0x2ae CMakeFiles/iButton-FW1.elf.dir/Core/Src/stm32l0xx_hal_msp.c.obj
 .debug_str     0x00003323      0x630 CMakeFiles/iButton-FW1.elf.dir/Core/Src/stm32l0xx_it.c.obj
 .debug_str     0x00003323      0x33b CMakeFiles/iButton-FW1.elf.dir/Core/Src/system_stm32l0xx.c.obj
 .debug_str     0x00003323       0xcf CMakeFiles/iButton-FW1.elf.dir/Core/Startup/startup_stm32l052c8tx.s.obj
 .debug_str     0x00003323      0x8cc CMakeFiles/iButton-FW1.elf.dir/Drivers/STM32L0xx_HAL_Driver/Src/stm32l0xx_hal.c.obj
 .debug_str     0x00003323      0x780 CMakeFiles/iButton-FW1.elf.dir/Drivers/STM32L0xx_HAL_Driver/Src/stm32l0xx_hal_cortex.c.obj
 .debug_str     0x00003323      0x4bb CMakeFiles/iButton-FW1.elf.dir/Drivers/STM32L0xx_HAL_Driver/Src/stm32l0xx_hal_gpio.c.obj
 .debug_str     0x00003323      0xb37 CMakeFiles/iButton-FW1.elf.dir/Drivers/STM32L0xx_HAL_Driver/Src/stm32l0xx_hal_pcd.c.obj
 .debug_str     0x00003323      0x7e1 CMakeFiles/iButton-FW1.elf.dir/Drivers/STM32L0xx_HAL_Driver/Src/stm32l0xx_hal_pcd_ex.c.obj
 .debug_str     0x00003323      0x797 CMakeFiles/iButton-FW1.elf.dir/Drivers/STM32L0xx_HAL_Driver/Src/stm32l0xx_hal_rcc.c.obj
 .debug_str     0x00003323      0x819 CMakeFiles/iButton-FW1.elf.dir/Drivers/STM32L0xx_HAL_Driver/Src/stm32l0xx_hal_rcc_ex.c.obj
 .debug_str     0x00003323      0x6c2 CMakeFiles/iButton-FW1.elf.dir/Drivers/STM32L0xx_HAL_Driver/Src/stm32l0xx_ll_usb.c.obj
 .debug_str     0x00003323      0x887 CMakeFiles/iButton-FW1.elf.dir/Middlewares/ST/STM32_USB_Device_Library/Class/HID/Src/usbd_hid.c.obj
 .debug_str     0x00003323      0x8ad CMakeFiles/iButton-FW1.elf.dir/Middlewares/ST/STM32_USB_Device_Library/Core/Src/usbd_core.c.obj
 .debug_str     0x00003323      0x7b6 CMakeFiles/iButton-FW1.elf.dir/Middlewares/ST/STM32_USB_Device_Library/Core/Src/usbd_ctlreq.c.obj
 .debug_str     0x00003323      0x6e3 CMakeFiles/iButton-FW1.elf.dir/Middlewares/ST/STM32_USB_Device_Library/Core/Src/usbd_ioreq.c.obj
 .debug_str     0x00003323      0x650 CMakeFiles/iButton-FW1.elf.dir/USB_DEVICE/App/usb_device.c.obj
 .debug_str     0x00003323      0x4bc CMakeFiles/iButton-FW1.elf.dir/USB_DEVICE/App/usbd_desc.c.obj
 .debug_str     0x00003323     0x1130 CMakeFiles/iButton-FW1.elf.dir/USB_DEVICE/Target/usbd_conf.c.obj

.comment        0x00000000       0x44
 .comment       0x00000000       0x44 CMakeFiles/iButton-FW1.elf.dir/Core/Src/main.c.obj
                                 0x45 (size before relaxing)
 .comment       0x00000044       0x45 CMakeFiles/iButton-FW1.elf.dir/Core/Src/stm32l0xx_hal_msp.c.obj
 .comment       0x00000044       0x45 CMakeFiles/iButton-FW1.elf.dir/Core/Src/stm32l0xx_it.c.obj
 .comment       0x00000044       0x45 CMakeFiles/iButton-FW1.elf.dir/Core/Src/system_stm32l0xx.c.obj
 .comment       0x00000044       0x45 CMakeFiles/iButton-FW1.elf.dir/Drivers/STM32L0xx_HAL_Driver/Src/stm32l0xx_hal.c.obj
 .comment       0x00000044       0x45 CMakeFiles/iButton-FW1.elf.dir/Drivers/STM32L0xx_HAL_Driver/Src/stm32l0xx_hal_cortex.c.obj
 .comment       0x00000044       0x45 CMakeFiles/iButton-FW1.elf.dir/Drivers/STM32L0xx_HAL_Driver/Src/stm32l0xx_hal_gpio.c.obj
 .comment       0x00000044       0x45 CMakeFiles/iButton-FW1.elf.dir/Drivers/STM32L0xx_HAL_Driver/Src/stm32l0xx_hal_pcd.c.obj
 .comment       0x00000044       0x45 CMakeFiles/iButton-FW1.elf.dir/Drivers/STM32L0xx_HAL_Driver/Src/stm32l0xx_hal_pcd_ex.c.obj
 .comment       0x00000044       0x45 CMakeFiles/iButton-FW1.elf.dir/Drivers/STM32L0xx_HAL_Driver/Src/stm32l0xx_hal_rcc.c.obj
 .comment       0x00000044       0x45 CMakeFiles/iButton-FW1.elf.dir/Drivers/STM32L0xx_HAL_Driver/Src/stm32l0xx_hal_rcc_ex.c.obj
 .comment       0x00000044       0x45 CMakeFiles/iButton-FW1.elf.dir/Drivers/STM32L0xx_HAL_Driver/Src/stm32l0xx_ll_usb.c.obj
 .comment       0x00000044       0x45 CMakeFiles/iButton-FW1.elf.dir/Middlewares/ST/STM32_USB_Device_Library/Class/HID/Src/usbd_hid.c.obj
 .comment       0x00000044       0x45 CMakeFiles/iButton-FW1.elf.dir/Middlewares/ST/STM32_USB_Device_Library/Core/Src/usbd_core.c.obj
 .comment       0x00000044       0x45 CMakeFiles/iButton-FW1.elf.dir/Middlewares/ST/STM32_USB_Device_Library/Core/Src/usbd_ctlreq.c.obj
 .comment       0x00000044       0x45 CMakeFiles/iButton-FW1.elf.dir/Middlewares/ST/STM32_USB_Device_Library/Core/Src/usbd_ioreq.c.obj
 .comment       0x00000044       0x45 CMakeFiles/iButton-FW1.elf.dir/USB_DEVICE/App/usb_device.c.obj
 .comment       0x00000044       0x45 CMakeFiles/iButton-FW1.elf.dir/USB_DEVICE/App/usbd_desc.c.obj
 .comment       0x00000044       0x45 CMakeFiles/iButton-FW1.elf.dir/USB_DEVICE/Target/usbd_conf.c.obj

.debug_frame    0x00000000     0x1914
 .debug_frame   0x00000000       0x6c CMakeFiles/iButton-FW1.elf.dir/Core/Src/main.c.obj
 .debug_frame   0x0000006c       0x20 CMakeFiles/iButton-FW1.elf.dir/Core/Src/stm32l0xx_hal_msp.c.obj
 .debug_frame   0x0000008c       0x80 CMakeFiles/iButton-FW1.elf.dir/Core/Src/stm32l0xx_it.c.obj
 .debug_frame   0x0000010c       0x38 CMakeFiles/iButton-FW1.elf.dir/Core/Src/system_stm32l0xx.c.obj
 .debug_frame   0x00000144      0x22c CMakeFiles/iButton-FW1.elf.dir/Drivers/STM32L0xx_HAL_Driver/Src/stm32l0xx_hal.c.obj
 .debug_frame   0x00000370      0x174 CMakeFiles/iButton-FW1.elf.dir/Drivers/STM32L0xx_HAL_Driver/Src/stm32l0xx_hal_cortex.c.obj
 .debug_frame   0x000004e4       0xc0 CMakeFiles/iButton-FW1.elf.dir/Drivers/STM32L0xx_HAL_Driver/Src/stm32l0xx_hal_gpio.c.obj
 .debug_frame   0x000005a4      0x350 CMakeFiles/iButton-FW1.elf.dir/Drivers/STM32L0xx_HAL_Driver/Src/stm32l0xx_hal_pcd.c.obj
 .debug_frame   0x000008f4       0xa8 CMakeFiles/iButton-FW1.elf.dir/Drivers/STM32L0xx_HAL_Driver/Src/stm32l0xx_hal_pcd_ex.c.obj
 .debug_frame   0x0000099c      0x140 CMakeFiles/iButton-FW1.elf.dir/Drivers/STM32L0xx_HAL_Driver/Src/stm32l0xx_hal_rcc.c.obj
 .debug_frame   0x00000adc      0x170 CMakeFiles/iButton-FW1.elf.dir/Drivers/STM32L0xx_HAL_Driver/Src/stm32l0xx_hal_rcc_ex.c.obj
 .debug_frame   0x00000c4c      0x194 CMakeFiles/iButton-FW1.elf.dir/Drivers/STM32L0xx_HAL_Driver/Src/stm32l0xx_ll_usb.c.obj
 .debug_frame   0x00000de0       0xd8 CMakeFiles/iButton-FW1.elf.dir/Middlewares/ST/STM32_USB_Device_Library/Class/HID/Src/usbd_hid.c.obj
 .debug_frame   0x00000eb8      0x1c4 CMakeFiles/iButton-FW1.elf.dir/Middlewares/ST/STM32_USB_Device_Library/Core/Src/usbd_core.c.obj
 .debug_frame   0x0000107c      0x168 CMakeFiles/iButton-FW1.elf.dir/Middlewares/ST/STM32_USB_Device_Library/Core/Src/usbd_ctlreq.c.obj
 .debug_frame   0x000011e4       0xb8 CMakeFiles/iButton-FW1.elf.dir/Middlewares/ST/STM32_USB_Device_Library/Core/Src/usbd_ioreq.c.obj
 .debug_frame   0x0000129c       0x28 CMakeFiles/iButton-FW1.elf.dir/USB_DEVICE/App/usb_device.c.obj
 .debug_frame   0x000012c4       0xdc CMakeFiles/iButton-FW1.elf.dir/USB_DEVICE/App/usbd_desc.c.obj
 .debug_frame   0x000013a0      0x2f8 CMakeFiles/iButton-FW1.elf.dir/USB_DEVICE/Target/usbd_conf.c.obj
 .debug_frame   0x00001698       0x20 C:/PROGRA~2/ARMGNU~1/13C7F1~1.2RE/bin/../lib/gcc/arm-none-eabi/13.2.1/thumb/v6-m/nofp\libgcc.a(_udivsi3.o)
 .debug_frame   0x000016b8       0x34 C:/PROGRA~2/ARMGNU~1/13C7F1~1.2RE/bin/../lib/gcc/arm-none-eabi/13.2.1/thumb/v6-m/nofp\libgcc.a(_muldi3.o)
 .debug_frame   0x000016ec       0x3c C:/PROGRA~2/ARMGNU~1/13C7F1~1.2RE/bin/../lib/gcc/arm-none-eabi/13.2.1/thumb/v6-m/nofp\libgcc.a(_udivmoddi4.o)
 .debug_frame   0x00001728       0x30 C:/PROGRA~2/ARMGNU~1/13C7F1~1.2RE/bin/../lib/gcc/arm-none-eabi/13.2.1/thumb/v6-m/nofp\libg.a(libc_a-memset.o)
 .debug_frame   0x00001758       0x2c C:/PROGRA~2/ARMGNU~1/13C7F1~1.2RE/bin/../lib/gcc/arm-none-eabi/13.2.1/thumb/v6-m/nofp\libg.a(libc_a-init.o)
 .debug_frame   0x00001784       0xb0 C:/PROGRA~2/ARMGNU~1/13C7F1~1.2RE/bin/../lib/gcc/arm-none-eabi/13.2.1/thumb/v6-m/nofp\libg.a(libc_a-lock.o)
 .debug_frame   0x00001834       0x54 C:/PROGRA~2/ARMGNU~1/13C7F1~1.2RE/bin/../lib/gcc/arm-none-eabi/13.2.1/thumb/v6-m/nofp\libg.a(libc_a-__call_atexit.o)
 .debug_frame   0x00001888       0x28 C:/PROGRA~2/ARMGNU~1/13C7F1~1.2RE/bin/../lib/gcc/arm-none-eabi/13.2.1/thumb/v6-m/nofp\libg.a(libc_a-atexit.o)
 .debug_frame   0x000018b0       0x2c C:/PROGRA~2/ARMGNU~1/13C7F1~1.2RE/bin/../lib/gcc/arm-none-eabi/13.2.1/thumb/v6-m/nofp\libg.a(libc_a-fini.o)
 .debug_frame   0x000018dc       0x38 C:/PROGRA~2/ARMGNU~1/13C7F1~1.2RE/bin/../lib/gcc/arm-none-eabi/13.2.1/thumb/v6-m/nofp\libg.a(libc_a-__atexit.o)

.debug_line_str
                0x00000000      0x188
 .debug_line_str
                0x00000000      0x188 CMakeFiles/iButton-FW1.elf.dir/Core/Startup/startup_stm32l052c8tx.s.obj
                                 0xb3 (size before relaxing)
 .debug_line_str
                0x00000188       0xc9 C:/PROGRA~2/ARMGNU~1/13C7F1~1.2RE/bin/../lib/gcc/arm-none-eabi/13.2.1/thumb/v6-m/nofp\libgcc.a(_udivsi3.o)
 .debug_line_str
                0x00000188       0xc9 C:/PROGRA~2/ARMGNU~1/13C7F1~1.2RE/bin/../lib/gcc/arm-none-eabi/13.2.1/thumb/v6-m/nofp\libgcc.a(_dvmd_tls.o)
 .debug_line_str
                0x00000188       0xc9 C:/PROGRA~2/ARMGNU~1/13C7F1~1.2RE/bin/../lib/gcc/arm-none-eabi/13.2.1/thumb/v6-m/nofp\libgcc.a(_aeabi_uldivmod.o)
 .debug_line_str
                0x00000188       0xc9 C:/PROGRA~2/ARMGNU~1/13C7F1~1.2RE/bin/../lib/gcc/arm-none-eabi/13.2.1/thumb/v6-m/nofp\libgcc.a(_clzdi2.o)
 .debug_line_str
                0x00000188       0xc9 C:/PROGRA~2/ARMGNU~1/13C7F1~1.2RE/bin/../lib/gcc/arm-none-eabi/13.2.1/thumb/v6-m/nofp\libgcc.a(_clzsi2.o)
